Archive member included because of file (symbol)

e:/sdk_win_64/sdk_win_64/winavr/bin/../lib/gcc/avr/4.3.3/avr5\libgcc.a(_mulsi3.o)
                              ./SERVICE/SERVICE.o (__mulsi3)
e:/sdk_win_64/sdk_win_64/winavr/bin/../lib/gcc/avr/4.3.3/avr5\libgcc.a(_udivmodhi4.o)
                              ./ECUAL/TEMP_SENSOR/TEMP.o (__udivmodhi4)
e:/sdk_win_64/sdk_win_64/winavr/bin/../lib/gcc/avr/4.3.3/avr5\libgcc.a(_udivmodsi4.o)
                              ./MCAL/UART/UART.o (__udivmodsi4)
e:/sdk_win_64/sdk_win_64/winavr/bin/../lib/gcc/avr/4.3.3/avr5\libgcc.a(_exit.o)
                              e:/sdk_win_64/sdk_win_64/winavr/bin/../lib/gcc/avr/4.3.3/../../../../avr/lib/avr5/crtm32.o (exit)
e:/sdk_win_64/sdk_win_64/winavr/bin/../lib/gcc/avr/4.3.3/avr5\libgcc.a(_copy_data.o)
                              ./MCAL/SPI/SPI.o (__do_copy_data)
e:/sdk_win_64/sdk_win_64/winavr/bin/../lib/gcc/avr/4.3.3/avr5\libgcc.a(_clear_bss.o)
                              ./MCAL/UART/UART.o (__do_clear_bss)
e:/sdk_win_64/sdk_win_64/winavr/bin/../lib/gcc/avr/4.3.3/avr5\libgcc.a(_fixunssfsi.o)
                              ./MCAL/PWM/PWM.o (__fixunssfsi)
e:/sdk_win_64/sdk_win_64/winavr/bin/../lib/gcc/avr/4.3.3/avr5\libgcc.a(_addsub_sf.o)
                              e:/sdk_win_64/sdk_win_64/winavr/bin/../lib/gcc/avr/4.3.3/avr5\libgcc.a(_fixunssfsi.o) (__subsf3)
e:/sdk_win_64/sdk_win_64/winavr/bin/../lib/gcc/avr/4.3.3/avr5\libgcc.a(_mul_sf.o)
                              ./SERVICE/SERVICE.o (__mulsf3)
e:/sdk_win_64/sdk_win_64/winavr/bin/../lib/gcc/avr/4.3.3/avr5\libgcc.a(_div_sf.o)
                              ./MCAL/PWM/PWM.o (__divsf3)
e:/sdk_win_64/sdk_win_64/winavr/bin/../lib/gcc/avr/4.3.3/avr5\libgcc.a(_ge_sf.o)
                              e:/sdk_win_64/sdk_win_64/winavr/bin/../lib/gcc/avr/4.3.3/avr5\libgcc.a(_fixunssfsi.o) (__gesf2)
e:/sdk_win_64/sdk_win_64/winavr/bin/../lib/gcc/avr/4.3.3/avr5\libgcc.a(_si_to_sf.o)
                              ./SERVICE/SERVICE.o (__floatsisf)
e:/sdk_win_64/sdk_win_64/winavr/bin/../lib/gcc/avr/4.3.3/avr5\libgcc.a(_sf_to_si.o)
                              e:/sdk_win_64/sdk_win_64/winavr/bin/../lib/gcc/avr/4.3.3/avr5\libgcc.a(_fixunssfsi.o) (__fixsfsi)
e:/sdk_win_64/sdk_win_64/winavr/bin/../lib/gcc/avr/4.3.3/avr5\libgcc.a(_thenan_sf.o)
                              e:/sdk_win_64/sdk_win_64/winavr/bin/../lib/gcc/avr/4.3.3/avr5\libgcc.a(_addsub_sf.o) (__thenan_sf)
e:/sdk_win_64/sdk_win_64/winavr/bin/../lib/gcc/avr/4.3.3/avr5\libgcc.a(_usi_to_sf.o)
                              ./MCAL/PWM/PWM.o (__floatunsisf)
e:/sdk_win_64/sdk_win_64/winavr/bin/../lib/gcc/avr/4.3.3/avr5\libgcc.a(_prologue.o)
                              e:/sdk_win_64/sdk_win_64/winavr/bin/../lib/gcc/avr/4.3.3/avr5\libgcc.a(_addsub_sf.o) (__prologue_saves__)
e:/sdk_win_64/sdk_win_64/winavr/bin/../lib/gcc/avr/4.3.3/avr5\libgcc.a(_epilogue.o)
                              e:/sdk_win_64/sdk_win_64/winavr/bin/../lib/gcc/avr/4.3.3/avr5\libgcc.a(_addsub_sf.o) (__epilogue_restores__)
e:/sdk_win_64/sdk_win_64/winavr/bin/../lib/gcc/avr/4.3.3/avr5\libgcc.a(_clzsi2.o)
                              e:/sdk_win_64/sdk_win_64/winavr/bin/../lib/gcc/avr/4.3.3/avr5\libgcc.a(_si_to_sf.o) (__clzsi2)
e:/sdk_win_64/sdk_win_64/winavr/bin/../lib/gcc/avr/4.3.3/avr5\libgcc.a(_pack_sf.o)
                              e:/sdk_win_64/sdk_win_64/winavr/bin/../lib/gcc/avr/4.3.3/avr5\libgcc.a(_addsub_sf.o) (__pack_f)
e:/sdk_win_64/sdk_win_64/winavr/bin/../lib/gcc/avr/4.3.3/avr5\libgcc.a(_unpack_sf.o)
                              e:/sdk_win_64/sdk_win_64/winavr/bin/../lib/gcc/avr/4.3.3/avr5\libgcc.a(_addsub_sf.o) (__unpack_f)
e:/sdk_win_64/sdk_win_64/winavr/bin/../lib/gcc/avr/4.3.3/avr5\libgcc.a(_fpcmp_parts_sf.o)
                              e:/sdk_win_64/sdk_win_64/winavr/bin/../lib/gcc/avr/4.3.3/avr5\libgcc.a(_ge_sf.o) (__fpcmp_parts_f)
e:/sdk_win_64/sdk_win_64/winavr/bin/../lib/gcc/avr/4.3.3/avr5\libgcc.a(_clz.o)
                              e:/sdk_win_64/sdk_win_64/winavr/bin/../lib/gcc/avr/4.3.3/avr5\libgcc.a(_clzsi2.o) (__clz_tab)

Allocating common symbols
Common symbol       size              file

card                0x1c              ./APP/Card.o
PAN                 0x2               ./APP/Card.o
HoldeName           0x2               ./APP/Card.o
PIN                 0x2               ./APP/Card.o

Memory Configuration

Name             Origin             Length             Attributes
text             0x00000000         0x00020000         xr
data             0x00800060         0x0000ffa0         rw !x
eeprom           0x00810000         0x00010000         rw !x
fuse             0x00820000         0x00000400         rw !x
lock             0x00830000         0x00000400         rw !x
signature        0x00840000         0x00000400         rw !x
*default*        0x00000000         0xffffffff

Linker script and memory map

LOAD e:/sdk_win_64/sdk_win_64/winavr/bin/../lib/gcc/avr/4.3.3/../../../../avr/lib/avr5/crtm32.o
LOAD ./SERVICE/Strings/STR.o
LOAD ./SERVICE/SERVICE.o
LOAD ./MCAL/UART/UART.o
LOAD ./MCAL/TIMER/TIMER.o
LOAD ./MCAL/SPI/SPI.o
LOAD ./MCAL/PWM/PWM.o
LOAD ./MCAL/I2C/I2C.o
LOAD ./MCAL/EXTI/EXTI.o
LOAD ./MCAL/DIO/DIO.o
LOAD ./MCAL/DELAY/TIMER0.o
LOAD ./MCAL/ADC/ADC.o
LOAD ./ECUAL/TEMP_SENSOR/TEMP.o
LOAD ./ECUAL/MOTOR/MOTOR.o
LOAD ./ECUAL/LED/LED.o
LOAD ./ECUAL/LCD/LCD.o
LOAD ./ECUAL/KEYPAD/KEYPAD.o
LOAD ./ECUAL/INTERFACE/INTERFACE_SLAVE.o
LOAD ./ECUAL/INTERFACE/TERMINAL_SLAVE.o
LOAD ./ECUAL/EEPROM/EEPROM.o
LOAD ./APP/Card.o
LOAD ./APP/main.o
LOAD e:/sdk_win_64/sdk_win_64/winavr/bin/../lib/gcc/avr/4.3.3/avr5\libgcc.a
LOAD e:/sdk_win_64/sdk_win_64/winavr/bin/../lib/gcc/avr/4.3.3/../../../../avr/lib/avr5\libc.a
LOAD e:/sdk_win_64/sdk_win_64/winavr/bin/../lib/gcc/avr/4.3.3/avr5\libgcc.a

.hash
 *(.hash)

.dynsym
 *(.dynsym)

.dynstr
 *(.dynstr)

.gnu.version
 *(.gnu.version)

.gnu.version_d
 *(.gnu.version_d)

.gnu.version_r
 *(.gnu.version_r)

.rel.init
 *(.rel.init)

.rela.init
 *(.rela.init)

.rel.text
 *(.rel.text)
 *(.rel.text.*)
 *(.rel.gnu.linkonce.t*)

.rela.text
 *(.rela.text)
 *(.rela.text.*)
 *(.rela.gnu.linkonce.t*)

.rel.fini
 *(.rel.fini)

.rela.fini
 *(.rela.fini)

.rel.rodata
 *(.rel.rodata)
 *(.rel.rodata.*)
 *(.rel.gnu.linkonce.r*)

.rela.rodata
 *(.rela.rodata)
 *(.rela.rodata.*)
 *(.rela.gnu.linkonce.r*)

.rel.data
 *(.rel.data)
 *(.rel.data.*)
 *(.rel.gnu.linkonce.d*)

.rela.data
 *(.rela.data)
 *(.rela.data.*)
 *(.rela.gnu.linkonce.d*)

.rel.ctors
 *(.rel.ctors)

.rela.ctors
 *(.rela.ctors)

.rel.dtors
 *(.rel.dtors)

.rela.dtors
 *(.rela.dtors)

.rel.got
 *(.rel.got)

.rela.got
 *(.rela.got)

.rel.bss
 *(.rel.bss)

.rela.bss
 *(.rela.bss)

.rel.plt
 *(.rel.plt)

.rela.plt
 *(.rela.plt)

.text           0x00000000     0x4fca
 *(.vectors)
 .vectors       0x00000000       0x54 e:/sdk_win_64/sdk_win_64/winavr/bin/../lib/gcc/avr/4.3.3/../../../../avr/lib/avr5/crtm32.o
                0x00000000                __vectors
                0x00000000                __vector_default
 *(.vectors)
 *(.progmem.gcc*)
 *(.progmem*)
                0x00000054                . = ALIGN (0x2)
                0x00000054                __trampolines_start = .
 *(.trampolines)
 .trampolines   0x00000054        0x0 linker stubs
 *(.trampolines*)
                0x00000054                __trampolines_end = .
 *(.jumptables)
 *(.jumptables*)
 *(.lowtext)
 *(.lowtext*)
                0x00000054                __ctors_start = .
 *(.ctors)
                0x00000054                __ctors_end = .
                0x00000054                __dtors_start = .
 *(.dtors)
                0x00000054                __dtors_end = .
 SORT(*)(.ctors)
 SORT(*)(.dtors)
 *(.init0)
 .init0         0x00000054        0x0 e:/sdk_win_64/sdk_win_64/winavr/bin/../lib/gcc/avr/4.3.3/../../../../avr/lib/avr5/crtm32.o
                0x00000054                __init
 *(.init0)
 *(.init1)
 *(.init1)
 *(.init2)
 .init2         0x00000054        0xc e:/sdk_win_64/sdk_win_64/winavr/bin/../lib/gcc/avr/4.3.3/../../../../avr/lib/avr5/crtm32.o
 *(.init2)
 *(.init3)
 *(.init3)
 *(.init4)
 .init4         0x00000060       0x16 e:/sdk_win_64/sdk_win_64/winavr/bin/../lib/gcc/avr/4.3.3/avr5\libgcc.a(_copy_data.o)
                0x00000060                __do_copy_data
 .init4         0x00000076       0x10 e:/sdk_win_64/sdk_win_64/winavr/bin/../lib/gcc/avr/4.3.3/avr5\libgcc.a(_clear_bss.o)
                0x00000076                __do_clear_bss
 *(.init4)
 *(.init5)
 *(.init5)
 *(.init6)
 *(.init6)
 *(.init7)
 *(.init7)
 *(.init8)
 *(.init8)
 *(.init9)
 .init9         0x00000086        0x8 e:/sdk_win_64/sdk_win_64/winavr/bin/../lib/gcc/avr/4.3.3/../../../../avr/lib/avr5/crtm32.o
 *(.init9)
 *(.text)
 .text          0x0000008e        0x4 e:/sdk_win_64/sdk_win_64/winavr/bin/../lib/gcc/avr/4.3.3/../../../../avr/lib/avr5/crtm32.o
                0x0000008e                __vector_1
                0x0000008e                __bad_interrupt
                0x0000008e                __vector_6
                0x0000008e                __vector_11
                0x0000008e                __vector_17
                0x0000008e                __vector_5
                0x0000008e                __vector_4
                0x0000008e                __vector_2
                0x0000008e                __vector_15
                0x0000008e                __vector_18
                0x0000008e                __vector_20
 .text          0x00000092        0x0 ./SERVICE/Strings/STR.o
 .text          0x00000092        0x0 ./SERVICE/SERVICE.o
 .text          0x00000092        0x0 ./MCAL/UART/UART.o
 .text          0x00000092        0x0 ./MCAL/TIMER/TIMER.o
 .text          0x00000092        0x0 ./MCAL/SPI/SPI.o
 .text          0x00000092        0x0 ./MCAL/PWM/PWM.o
 .text          0x00000092        0x0 ./MCAL/I2C/I2C.o
 .text          0x00000092        0x0 ./MCAL/EXTI/EXTI.o
 .text          0x00000092        0x0 ./MCAL/DIO/DIO.o
 .text          0x00000092        0x0 ./MCAL/DELAY/TIMER0.o
 .text          0x00000092        0x0 ./MCAL/ADC/ADC.o
 .text          0x00000092        0x0 ./ECUAL/TEMP_SENSOR/TEMP.o
 .text          0x00000092        0x0 ./ECUAL/MOTOR/MOTOR.o
 .text          0x00000092        0x0 ./ECUAL/LED/LED.o
 .text          0x00000092        0x0 ./ECUAL/LCD/LCD.o
 .text          0x00000092        0x0 ./ECUAL/KEYPAD/KEYPAD.o
 .text          0x00000092        0x0 ./ECUAL/INTERFACE/INTERFACE_SLAVE.o
 .text          0x00000092        0x0 ./ECUAL/INTERFACE/TERMINAL_SLAVE.o
 .text          0x00000092        0x0 ./ECUAL/EEPROM/EEPROM.o
 .text          0x00000092        0x0 ./APP/Card.o
 .text          0x00000092        0x0 ./APP/main.o
 .text          0x00000092        0x0 e:/sdk_win_64/sdk_win_64/winavr/bin/../lib/gcc/avr/4.3.3/avr5\libgcc.a(_mulsi3.o)
 .text          0x00000092        0x0 e:/sdk_win_64/sdk_win_64/winavr/bin/../lib/gcc/avr/4.3.3/avr5\libgcc.a(_udivmodhi4.o)
 .text          0x00000092        0x0 e:/sdk_win_64/sdk_win_64/winavr/bin/../lib/gcc/avr/4.3.3/avr5\libgcc.a(_udivmodsi4.o)
 .text          0x00000092        0x0 e:/sdk_win_64/sdk_win_64/winavr/bin/../lib/gcc/avr/4.3.3/avr5\libgcc.a(_exit.o)
 .text          0x00000092        0x0 e:/sdk_win_64/sdk_win_64/winavr/bin/../lib/gcc/avr/4.3.3/avr5\libgcc.a(_copy_data.o)
 .text          0x00000092        0x0 e:/sdk_win_64/sdk_win_64/winavr/bin/../lib/gcc/avr/4.3.3/avr5\libgcc.a(_clear_bss.o)
 .text          0x00000092       0x58 e:/sdk_win_64/sdk_win_64/winavr/bin/../lib/gcc/avr/4.3.3/avr5\libgcc.a(_fixunssfsi.o)
                0x00000092                __fixunssfsi
 .text          0x000000ea      0x354 e:/sdk_win_64/sdk_win_64/winavr/bin/../lib/gcc/avr/4.3.3/avr5\libgcc.a(_addsub_sf.o)
                0x00000382                __subsf3
                0x000003e4                __addsf3
 .text          0x0000043e      0x1f4 e:/sdk_win_64/sdk_win_64/winavr/bin/../lib/gcc/avr/4.3.3/avr5\libgcc.a(_mul_sf.o)
                0x0000043e                __mulsf3
 .text          0x00000632      0x158 e:/sdk_win_64/sdk_win_64/winavr/bin/../lib/gcc/avr/4.3.3/avr5\libgcc.a(_div_sf.o)
                0x00000632                __divsf3
 .text          0x0000078a       0x60 e:/sdk_win_64/sdk_win_64/winavr/bin/../lib/gcc/avr/4.3.3/avr5\libgcc.a(_ge_sf.o)
                0x0000078a                __gesf2
 .text          0x000007ea       0xbc e:/sdk_win_64/sdk_win_64/winavr/bin/../lib/gcc/avr/4.3.3/avr5\libgcc.a(_si_to_sf.o)
                0x000007ea                __floatsisf
 .text          0x000008a6       0xa8 e:/sdk_win_64/sdk_win_64/winavr/bin/../lib/gcc/avr/4.3.3/avr5\libgcc.a(_sf_to_si.o)
                0x000008a6                __fixsfsi
 .text          0x0000094e        0x0 e:/sdk_win_64/sdk_win_64/winavr/bin/../lib/gcc/avr/4.3.3/avr5\libgcc.a(_thenan_sf.o)
 .text          0x0000094e       0xf2 e:/sdk_win_64/sdk_win_64/winavr/bin/../lib/gcc/avr/4.3.3/avr5\libgcc.a(_usi_to_sf.o)
                0x0000094e                __floatunsisf
 .text          0x00000a40        0x0 e:/sdk_win_64/sdk_win_64/winavr/bin/../lib/gcc/avr/4.3.3/avr5\libgcc.a(_prologue.o)
 .text          0x00000a40        0x0 e:/sdk_win_64/sdk_win_64/winavr/bin/../lib/gcc/avr/4.3.3/avr5\libgcc.a(_epilogue.o)
 .text          0x00000a40       0x9e e:/sdk_win_64/sdk_win_64/winavr/bin/../lib/gcc/avr/4.3.3/avr5\libgcc.a(_clzsi2.o)
                0x00000a40                __clzsi2
 .text          0x00000ade      0x1aa e:/sdk_win_64/sdk_win_64/winavr/bin/../lib/gcc/avr/4.3.3/avr5\libgcc.a(_pack_sf.o)
                0x00000ade                __pack_f
 .text          0x00000c88       0xf0 e:/sdk_win_64/sdk_win_64/winavr/bin/../lib/gcc/avr/4.3.3/avr5\libgcc.a(_unpack_sf.o)
                0x00000c88                __unpack_f
 .text          0x00000d78       0xb2 e:/sdk_win_64/sdk_win_64/winavr/bin/../lib/gcc/avr/4.3.3/avr5\libgcc.a(_fpcmp_parts_sf.o)
                0x00000d78                __fpcmp_parts_f
 .text          0x00000e2a        0x0 e:/sdk_win_64/sdk_win_64/winavr/bin/../lib/gcc/avr/4.3.3/avr5\libgcc.a(_clz.o)
                0x00000e2a                . = ALIGN (0x2)
 *(.text.*)
 .text.STR_CMP  0x00000e2a      0x10a ./SERVICE/Strings/STR.o
                0x00000e2a                STR_CMP
 .text.StringToInt
                0x00000f34      0x13a ./SERVICE/SERVICE.o
                0x00000f34                StringToInt
 .text.StringToFloat
                0x0000106e      0x1d2 ./SERVICE/SERVICE.o
                0x0000106e                StringToFloat
 .text.UART_u8Init
                0x00001240      0x136 ./MCAL/UART/UART.o
                0x00001240                UART_u8Init
 .text.UART_u8SendByte
                0x00001376       0x46 ./MCAL/UART/UART.o
                0x00001376                UART_u8SendByte
 .text.UART_u8SendInt
                0x000013bc      0x1e4 ./MCAL/UART/UART.o
                0x000013bc                UART_u8SendInt
 .text.UART_u8SendString
                0x000015a0       0x78 ./MCAL/UART/UART.o
                0x000015a0                UART_u8SendString
 .text.UART_u8ReceiveByte
                0x00001618       0x54 ./MCAL/UART/UART.o
                0x00001618                UART_u8ReceiveByte
 .text.UART_u8ReceiveInt
                0x0000166c      0x13e ./MCAL/UART/UART.o
                0x0000166c                UART_u8ReceiveInt
 .text.UART_u8RecieveString
                0x000017aa       0x6e ./MCAL/UART/UART.o
                0x000017aa                UART_u8RecieveString
 .text.UART_u8ReceiveCountedString
                0x00001818       0x82 ./MCAL/UART/UART.o
                0x00001818                UART_u8ReceiveCountedString
 .text.UART_u8EnableRecievingInterrupt
                0x0000189a       0x66 ./MCAL/UART/UART.o
                0x0000189a                UART_u8EnableRecievingInterrupt
 .text.UART_u8EnableSendingInterrupt
                0x00001900       0x66 ./MCAL/UART/UART.o
                0x00001900                UART_u8EnableSendingInterrupt
 .text.UART_u8DisableReceivingInterrupt
                0x00001966       0x24 ./MCAL/UART/UART.o
                0x00001966                UART_u8DisableReceivingInterrupt
 .text.UART_u8DisableTransmittionInterrupt
                0x0000198a       0x24 ./MCAL/UART/UART.o
                0x0000198a                UART_u8DisableTransmittionInterrupt
 .text.UART_u8Deinit
                0x000019ae       0x5c ./MCAL/UART/UART.o
                0x000019ae                UART_u8Deinit
 .text.__vector_13
                0x00001a0a       0x74 ./MCAL/UART/UART.o
                0x00001a0a                __vector_13
 .text.__vector_14
                0x00001a7e       0x66 ./MCAL/UART/UART.o
                0x00001a7e                __vector_14
 .text.TIMER1_u8Init
                0x00001ae4       0x1c ./MCAL/TIMER/TIMER.o
                0x00001ae4                TIMER1_u8Init
 .text.TIMER1_u8Start
                0x00001b00       0x2a ./MCAL/TIMER/TIMER.o
                0x00001b00                TIMER1_u8Start
 .text.TIMER1_u8SetComapre
                0x00001b2a       0x72 ./MCAL/TIMER/TIMER.o
                0x00001b2a                TIMER1_u8SetComapre
 .text.TIMER1_u8SetChannelInterrupt
                0x00001b9c       0xae ./MCAL/TIMER/TIMER.o
                0x00001b9c                TIMER1_u8SetChannelInterrupt
 .text.TIMER1_u8StopChannel
                0x00001c4a       0x74 ./MCAL/TIMER/TIMER.o
                0x00001c4a                TIMER1_u8StopChannel
 .text.__vector_7
                0x00001cbe       0x66 ./MCAL/TIMER/TIMER.o
                0x00001cbe                __vector_7
 .text.__vector_8
                0x00001d24       0x66 ./MCAL/TIMER/TIMER.o
                0x00001d24                __vector_8
 .text.__vector_9
                0x00001d8a       0x88 ./MCAL/TIMER/TIMER.o
                0x00001d8a                __vector_9
 .text.SPI_u8Init
                0x00001e12      0x108 ./MCAL/SPI/SPI.o
                0x00001e12                SPI_u8Init
 .text.SPI_u8SendByte
                0x00001f1a       0x56 ./MCAL/SPI/SPI.o
                0x00001f1a                SPI_u8SendByte
 .text.SPI_u8SendString
                0x00001f70       0x7c ./MCAL/SPI/SPI.o
                0x00001f70                SPI_u8SendString
 .text.SPI_u8ReceiveByte
                0x00001fec       0x54 ./MCAL/SPI/SPI.o
                0x00001fec                SPI_u8ReceiveByte
 .text.SPI_u8ReceiveString
                0x00002040       0x82 ./MCAL/SPI/SPI.o
                0x00002040                SPI_u8ReceiveString
 .text.SPI_u8EnableInterrupt
                0x000020c2       0x66 ./MCAL/SPI/SPI.o
                0x000020c2                SPI_u8EnableInterrupt
 .text.SPI_u8DisableInterrupt
                0x00002128       0x24 ./MCAL/SPI/SPI.o
                0x00002128                SPI_u8DisableInterrupt
 .text.SPI_u8Deinit
                0x0000214c       0x36 ./MCAL/SPI/SPI.o
                0x0000214c                SPI_u8Deinit
 .text.SPI_u8ReceiveInt
                0x00002182       0x58 ./MCAL/SPI/SPI.o
                0x00002182                SPI_u8ReceiveInt
 .text.SPI_u8SendInt
                0x000021da       0xa6 ./MCAL/SPI/SPI.o
                0x000021da                SPI_u8SendInt
 .text.__vector_12
                0x00002280       0x24 ./MCAL/SPI/SPI.o
                0x00002280                __vector_12
 .text.channelA_callBack
                0x000022a4       0x1c ./MCAL/PWM/PWM.o
                0x000022a4                channelA_callBack
 .text.channelB_callBack
                0x000022c0       0x1c ./MCAL/PWM/PWM.o
                0x000022c0                channelB_callBack
 .text.PWM_u8Init
                0x000022dc       0x74 ./MCAL/PWM/PWM.o
                0x000022dc                PWM_u8Init
 .text.PWM_u8DutyCycle
                0x00002350      0x106 ./MCAL/PWM/PWM.o
                0x00002350                PWM_u8DutyCycle
 .text.I2C_u8Init
                0x00002456       0x70 ./MCAL/I2C/I2C.o
                0x00002456                I2C_u8Init
 .text.I2C_u8GetStatus
                0x000024c6       0x16 ./MCAL/I2C/I2C.o
                0x000024c6                I2C_u8GetStatus
 .text.I2C_u8MasterSendSLA
                0x000024dc       0x62 ./MCAL/I2C/I2C.o
                0x000024dc                I2C_u8MasterSendSLA
 .text.I2C_u8MasterSendByte
                0x0000253e       0x3e ./MCAL/I2C/I2C.o
                0x0000253e                I2C_u8MasterSendByte
 .text.I2C_u8MasterSendStart
                0x0000257c       0x3e ./MCAL/I2C/I2C.o
                0x0000257c                I2C_u8MasterSendStart
 .text.I2C_u8SendRepeatedStart
                0x000025ba       0x48 ./MCAL/I2C/I2C.o
                0x000025ba                I2C_u8SendRepeatedStart
 .text.I2C_u8MasterReceiveWithACK
                0x00002602       0x88 ./MCAL/I2C/I2C.o
                0x00002602                I2C_u8MasterReceiveWithACK
 .text.I2C_u8MasterReceiveWithNAK
                0x0000268a       0x80 ./MCAL/I2C/I2C.o
                0x0000268a                I2C_u8MasterReceiveWithNAK
 .text.I2C_u8Stop
                0x0000270a       0x44 ./MCAL/I2C/I2C.o
                0x0000270a                I2C_u8Stop
 .text.I2C_u8SlaveGetByte
                0x0000274e       0x68 ./MCAL/I2C/I2C.o
                0x0000274e                I2C_u8SlaveGetByte
 .text.__vector_19
                0x000027b6       0x38 ./MCAL/I2C/I2C.o
                0x000027b6                __vector_19
 .text.EXTI_u8Enable
                0x000027ee      0x2aa ./MCAL/EXTI/EXTI.o
                0x000027ee                EXTI_u8Enable
 .text.DIO_u8SetPinDirection
                0x00002a98      0x494 ./MCAL/DIO/DIO.o
                0x00002a98                DIO_u8SetPinDirection
 .text.DIO_u8SetPinData
                0x00002f2c      0x248 ./MCAL/DIO/DIO.o
                0x00002f2c                DIO_u8SetPinData
 .text.DIO_u8GetPinData
                0x00003174      0x12e ./MCAL/DIO/DIO.o
                0x00003174                DIO_u8GetPinData
 .text.DIO_u8SetPortDirection
                0x000032a2      0x216 ./MCAL/DIO/DIO.o
                0x000032a2                DIO_u8SetPortDirection
 .text.DIO_u8SetPortData
                0x000034b8       0xa0 ./MCAL/DIO/DIO.o
                0x000034b8                DIO_u8SetPortData
 .text.DIO_u8GetPortData
                0x00003558       0xb0 ./MCAL/DIO/DIO.o
                0x00003558                DIO_u8GetPortData
 .text.DIO_u8TogglePinData
                0x00003608      0x108 ./MCAL/DIO/DIO.o
                0x00003608                DIO_u8TogglePinData
 .text.TIMER0_u8Init
                0x00003710       0x18 ./MCAL/DELAY/TIMER0.o
                0x00003710                TIMER0_u8Init
 .text.TIMER0_u8InterruptDelay
                0x00003728       0x8a ./MCAL/DELAY/TIMER0.o
                0x00003728                TIMER0_u8InterruptDelay
 .text.TIMER0_u8PollingDelay
                0x000037b2       0xa4 ./MCAL/DELAY/TIMER0.o
                0x000037b2                TIMER0_u8PollingDelay
 .text.__vector_10
                0x00003856       0xaa ./MCAL/DELAY/TIMER0.o
                0x00003856                __vector_10
 .text.ADC_u8Init
                0x00003900       0x5e ./MCAL/ADC/ADC.o
                0x00003900                ADC_u8Init
 .text.ADC_u8StartConversion
                0x0000395e       0xda ./MCAL/ADC/ADC.o
                0x0000395e                ADC_u8StartConversion
 .text.ADC_u8GetRead
                0x00003a38       0xc4 ./MCAL/ADC/ADC.o
                0x00003a38                ADC_u8GetRead
 .text.ADC_u8GetVolt
                0x00003afc       0x60 ./MCAL/ADC/ADC.o
                0x00003afc                ADC_u8GetVolt
 .text.ADC_u8EnableInterrupt
                0x00003b5c       0x7e ./MCAL/ADC/ADC.o
                0x00003b5c                ADC_u8EnableInterrupt
 .text.ADC_u8DisableInterrupt
                0x00003bda       0x42 ./MCAL/ADC/ADC.o
                0x00003bda                ADC_u8DisableInterrupt
 .text.__vector_16
                0x00003c1c       0x66 ./MCAL/ADC/ADC.o
                0x00003c1c                __vector_16
 .text.TEMP_u8Init
                0x00003c82       0x1c ./ECUAL/TEMP_SENSOR/TEMP.o
                0x00003c82                TEMP_u8Init
 .text.TEMP_u8GetRead
                0x00003c9e       0xd6 ./ECUAL/TEMP_SENSOR/TEMP.o
                0x00003c9e                TEMP_u8GetRead
 .text.MOTOR_init
                0x00003d74       0x98 ./ECUAL/MOTOR/MOTOR.o
                0x00003d74                MOTOR_init
 .text.MOTOR_Move
                0x00003e0c       0xfa ./ECUAL/MOTOR/MOTOR.o
                0x00003e0c                MOTOR_Move
 .text.MOTOR_Stop
                0x00003f06       0x56 ./ECUAL/MOTOR/MOTOR.o
                0x00003f06                MOTOR_Stop
 .text.LED_u8Init
                0x00003f5c       0x2c ./ECUAL/LED/LED.o
                0x00003f5c                LED_u8Init
 .text.LED_u8On
                0x00003f88       0x2c ./ECUAL/LED/LED.o
                0x00003f88                LED_u8On
 .text.LED_u8Off
                0x00003fb4       0x2c ./ECUAL/LED/LED.o
                0x00003fb4                LED_u8Off
 .text.LED_u8Toggle
                0x00003fe0       0x2a ./ECUAL/LED/LED.o
                0x00003fe0                LED_u8Toggle
 .text.LCD_u8Init
                0x0000400a       0xe4 ./ECUAL/LCD/LCD.o
                0x0000400a                LCD_u8Init
 .text.LCD_u8SendCommand
                0x000040ee      0x1a2 ./ECUAL/LCD/LCD.o
                0x000040ee                LCD_u8SendCommand
 .text.LCD_u8SendData
                0x00004290      0x19c ./ECUAL/LCD/LCD.o
                0x00004290                LCD_u8SendData
 .text.LCD_u8SendString
                0x0000442c       0x6e ./ECUAL/LCD/LCD.o
                0x0000442c                LCD_u8SendString
 .text.LCD_u8SendNumber
                0x0000449a       0xa6 ./ECUAL/LCD/LCD.o
                0x0000449a                LCD_u8SendNumber
 .text.LCD_u8SetCursor
                0x00004540       0x70 ./ECUAL/LCD/LCD.o
                0x00004540                LCD_u8SetCursor
 .text.KEYPAD_u8Init
                0x000045b0       0x6c ./ECUAL/KEYPAD/KEYPAD.o
                0x000045b0                KEYPAD_u8Init
 .text.KEYPAD_u8GetPressedKey
                0x0000461c      0x11a ./ECUAL/KEYPAD/KEYPAD.o
                0x0000461c                KEYPAD_u8GetPressedKey
 .text.INTERFACE_u8Init
                0x00004736       0x3e ./ECUAL/INTERFACE/INTERFACE_SLAVE.o
                0x00004736                INTERFACE_u8Init
 .text.INTERFACE_u8SendData
                0x00004774       0x3c ./ECUAL/INTERFACE/INTERFACE_SLAVE.o
                0x00004774                INTERFACE_u8SendData
 .text.TERMINAL_u8Init
                0x000047b0       0x1c ./ECUAL/INTERFACE/TERMINAL_SLAVE.o
                0x000047b0                TERMINAL_u8Init
 .text.TERMINAL_u8Interface
                0x000047cc       0x66 ./ECUAL/INTERFACE/TERMINAL_SLAVE.o
                0x000047cc                TERMINAL_u8Interface
 .text.TERMINAL_u8EnableInterrupt
                0x00004832       0x22 ./ECUAL/INTERFACE/TERMINAL_SLAVE.o
                0x00004832                TERMINAL_u8EnableInterrupt
 .text.TERMINAL_u8DisableInterrupt
                0x00004854       0x14 ./ECUAL/INTERFACE/TERMINAL_SLAVE.o
                0x00004854                TERMINAL_u8DisableInterrupt
 .text.EEPROM_Init
                0x00004868       0x12 ./ECUAL/EEPROM/EEPROM.o
                0x00004868                EEPROM_Init
 .text.EEPROM_u8WriteByteTo
                0x0000487a       0x6c ./ECUAL/EEPROM/EEPROM.o
                0x0000487a                EEPROM_u8WriteByteTo
 .text.EEPROM_u8RandonReadFrom
                0x000048e6       0x84 ./ECUAL/EEPROM/EEPROM.o
                0x000048e6                EEPROM_u8RandonReadFrom
 .text.EEPROM_u8WriteStringTo
                0x0000496a       0xb2 ./ECUAL/EEPROM/EEPROM.o
                0x0000496a                EEPROM_u8WriteStringTo
 .text.EEPROM_u8ReadStringFrom
                0x00004a1c       0xb2 ./ECUAL/EEPROM/EEPROM.o
                0x00004a1c                EEPROM_u8ReadStringFrom
 .text.EEPROM_u8WriteIntTo
                0x00004ace       0xb6 ./ECUAL/EEPROM/EEPROM.o
                0x00004ace                EEPROM_u8WriteIntTo
 .text.EEPROM_u8ReadIntFrom
                0x00004b84       0xc0 ./ECUAL/EEPROM/EEPROM.o
                0x00004b84                EEPROM_u8ReadIntFrom
 .text.Card_init
                0x00004c44       0xa2 ./APP/Card.o
                0x00004c44                Card_init
 .text.Card_App
                0x00004ce6       0xc8 ./APP/Card.o
                0x00004ce6                Card_App
 .text.UART_callBack
                0x00004dae       0x72 ./APP/Card.o
                0x00004dae                UART_callBack
 .text.__vector_3
                0x00004e20       0x74 ./APP/Card.o
                0x00004e20                __vector_3
 .text.main     0x00004e94       0x1a ./APP/main.o
                0x00004e94                main
 .text.libgcc   0x00004eae       0x3e e:/sdk_win_64/sdk_win_64/winavr/bin/../lib/gcc/avr/4.3.3/avr5\libgcc.a(_mulsi3.o)
                0x00004eae                __mulsi3
 .text.libgcc   0x00004eec       0x28 e:/sdk_win_64/sdk_win_64/winavr/bin/../lib/gcc/avr/4.3.3/avr5\libgcc.a(_udivmodhi4.o)
                0x00004eec                __udivmodhi4
 .text.libgcc   0x00004f14       0x44 e:/sdk_win_64/sdk_win_64/winavr/bin/../lib/gcc/avr/4.3.3/avr5\libgcc.a(_udivmodsi4.o)
                0x00004f14                __udivmodsi4
 .text.libgcc   0x00004f58        0x0 e:/sdk_win_64/sdk_win_64/winavr/bin/../lib/gcc/avr/4.3.3/avr5\libgcc.a(_exit.o)
 .text.libgcc   0x00004f58        0x0 e:/sdk_win_64/sdk_win_64/winavr/bin/../lib/gcc/avr/4.3.3/avr5\libgcc.a(_copy_data.o)
 .text.libgcc   0x00004f58        0x0 e:/sdk_win_64/sdk_win_64/winavr/bin/../lib/gcc/avr/4.3.3/avr5\libgcc.a(_clear_bss.o)
 .text.libgcc   0x00004f58       0x38 e:/sdk_win_64/sdk_win_64/winavr/bin/../lib/gcc/avr/4.3.3/avr5\libgcc.a(_prologue.o)
                0x00004f58                __prologue_saves__
 .text.libgcc   0x00004f90       0x36 e:/sdk_win_64/sdk_win_64/winavr/bin/../lib/gcc/avr/4.3.3/avr5\libgcc.a(_epilogue.o)
                0x00004f90                __epilogue_restores__
                0x00004fc6                . = ALIGN (0x2)
 *(.fini9)
 .fini9         0x00004fc6        0x0 e:/sdk_win_64/sdk_win_64/winavr/bin/../lib/gcc/avr/4.3.3/avr5\libgcc.a(_exit.o)
                0x00004fc6                exit
                0x00004fc6                _exit
 *(.fini9)
 *(.fini8)
 *(.fini8)
 *(.fini7)
 *(.fini7)
 *(.fini6)
 *(.fini6)
 *(.fini5)
 *(.fini5)
 *(.fini4)
 *(.fini4)
 *(.fini3)
 *(.fini3)
 *(.fini2)
 *(.fini2)
 *(.fini1)
 *(.fini1)
 *(.fini0)
 .fini0         0x00004fc6        0x4 e:/sdk_win_64/sdk_win_64/winavr/bin/../lib/gcc/avr/4.3.3/avr5\libgcc.a(_exit.o)
 *(.fini0)
                0x00004fca                _etext = .

.data           0x00800060      0x186 load address 0x00004fca
                0x00800060                PROVIDE (__data_start, .)
 *(.data)
 .data          0x00800060        0x0 e:/sdk_win_64/sdk_win_64/winavr/bin/../lib/gcc/avr/4.3.3/../../../../avr/lib/avr5/crtm32.o
 .data          0x00800060        0x0 ./SERVICE/Strings/STR.o
 .data          0x00800060        0x0 ./SERVICE/SERVICE.o
 .data          0x00800060        0x0 ./MCAL/UART/UART.o
 .data          0x00800060        0x0 ./MCAL/TIMER/TIMER.o
 .data          0x00800060        0x0 ./MCAL/SPI/SPI.o
 .data          0x00800060        0x0 ./MCAL/PWM/PWM.o
 .data          0x00800060        0x0 ./MCAL/I2C/I2C.o
 .data          0x00800060        0x0 ./MCAL/EXTI/EXTI.o
 .data          0x00800060        0x0 ./MCAL/DIO/DIO.o
 .data          0x00800060        0x0 ./MCAL/DELAY/TIMER0.o
 .data          0x00800060        0x0 ./MCAL/ADC/ADC.o
 .data          0x00800060        0x0 ./ECUAL/TEMP_SENSOR/TEMP.o
 .data          0x00800060        0x0 ./ECUAL/MOTOR/MOTOR.o
 .data          0x00800060        0x0 ./ECUAL/LED/LED.o
 .data          0x00800060        0x0 ./ECUAL/LCD/LCD.o
 .data          0x00800060        0x0 ./ECUAL/KEYPAD/KEYPAD.o
 .data          0x00800060        0x0 ./ECUAL/INTERFACE/INTERFACE_SLAVE.o
 .data          0x00800060       0x4a ./ECUAL/INTERFACE/TERMINAL_SLAVE.o
 .data          0x008000aa        0x0 ./ECUAL/EEPROM/EEPROM.o
 .data          0x008000aa       0x24 ./APP/Card.o
 .data          0x008000ce        0x0 ./APP/main.o
 .data          0x008000ce        0x0 e:/sdk_win_64/sdk_win_64/winavr/bin/../lib/gcc/avr/4.3.3/avr5\libgcc.a(_mulsi3.o)
 .data          0x008000ce        0x0 e:/sdk_win_64/sdk_win_64/winavr/bin/../lib/gcc/avr/4.3.3/avr5\libgcc.a(_udivmodhi4.o)
 .data          0x008000ce        0x0 e:/sdk_win_64/sdk_win_64/winavr/bin/../lib/gcc/avr/4.3.3/avr5\libgcc.a(_udivmodsi4.o)
 .data          0x008000ce        0x0 e:/sdk_win_64/sdk_win_64/winavr/bin/../lib/gcc/avr/4.3.3/avr5\libgcc.a(_exit.o)
 .data          0x008000ce        0x0 e:/sdk_win_64/sdk_win_64/winavr/bin/../lib/gcc/avr/4.3.3/avr5\libgcc.a(_copy_data.o)
 .data          0x008000ce        0x0 e:/sdk_win_64/sdk_win_64/winavr/bin/../lib/gcc/avr/4.3.3/avr5\libgcc.a(_clear_bss.o)
 .data          0x008000ce        0x0 e:/sdk_win_64/sdk_win_64/winavr/bin/../lib/gcc/avr/4.3.3/avr5\libgcc.a(_fixunssfsi.o)
 .data          0x008000ce        0x0 e:/sdk_win_64/sdk_win_64/winavr/bin/../lib/gcc/avr/4.3.3/avr5\libgcc.a(_addsub_sf.o)
 .data          0x008000ce        0x0 e:/sdk_win_64/sdk_win_64/winavr/bin/../lib/gcc/avr/4.3.3/avr5\libgcc.a(_mul_sf.o)
 .data          0x008000ce        0x0 e:/sdk_win_64/sdk_win_64/winavr/bin/../lib/gcc/avr/4.3.3/avr5\libgcc.a(_div_sf.o)
 .data          0x008000ce        0x0 e:/sdk_win_64/sdk_win_64/winavr/bin/../lib/gcc/avr/4.3.3/avr5\libgcc.a(_ge_sf.o)
 .data          0x008000ce        0x0 e:/sdk_win_64/sdk_win_64/winavr/bin/../lib/gcc/avr/4.3.3/avr5\libgcc.a(_si_to_sf.o)
 .data          0x008000ce        0x0 e:/sdk_win_64/sdk_win_64/winavr/bin/../lib/gcc/avr/4.3.3/avr5\libgcc.a(_sf_to_si.o)
 .data          0x008000ce        0x8 e:/sdk_win_64/sdk_win_64/winavr/bin/../lib/gcc/avr/4.3.3/avr5\libgcc.a(_thenan_sf.o)
                0x008000ce                __thenan_sf
 .data          0x008000d6        0x0 e:/sdk_win_64/sdk_win_64/winavr/bin/../lib/gcc/avr/4.3.3/avr5\libgcc.a(_usi_to_sf.o)
 .data          0x008000d6        0x0 e:/sdk_win_64/sdk_win_64/winavr/bin/../lib/gcc/avr/4.3.3/avr5\libgcc.a(_prologue.o)
 .data          0x008000d6        0x0 e:/sdk_win_64/sdk_win_64/winavr/bin/../lib/gcc/avr/4.3.3/avr5\libgcc.a(_epilogue.o)
 .data          0x008000d6        0x0 e:/sdk_win_64/sdk_win_64/winavr/bin/../lib/gcc/avr/4.3.3/avr5\libgcc.a(_clzsi2.o)
 .data          0x008000d6        0x0 e:/sdk_win_64/sdk_win_64/winavr/bin/../lib/gcc/avr/4.3.3/avr5\libgcc.a(_pack_sf.o)
 .data          0x008000d6        0x0 e:/sdk_win_64/sdk_win_64/winavr/bin/../lib/gcc/avr/4.3.3/avr5\libgcc.a(_unpack_sf.o)
 .data          0x008000d6        0x0 e:/sdk_win_64/sdk_win_64/winavr/bin/../lib/gcc/avr/4.3.3/avr5\libgcc.a(_fpcmp_parts_sf.o)
 .data          0x008000d6      0x100 e:/sdk_win_64/sdk_win_64/winavr/bin/../lib/gcc/avr/4.3.3/avr5\libgcc.a(_clz.o)
                0x008000d6                __clz_tab
 *(.data*)
 .data.LEDT     0x008001d6        0x2 ./MCAL/SPI/SPI.o
                0x008001d6                LEDT
 .data.LEDTEST2
                0x008001d8        0x2 ./MCAL/I2C/I2C.o
                0x008001d8                LEDTEST2
 .data.gu8_I2CState
                0x008001da        0x1 ./MCAL/I2C/I2C.o
 .data.delay_stat
                0x008001db        0x1 ./MCAL/DELAY/TIMER0.o
 .data.u8State  0x008001dc        0x1 ./APP/Card.o
                0x008001dc                u8State
 *(.rodata)
 *(.rodata*)
 .rodata.C.0.1276
                0x008001dd        0x9 ./ECUAL/KEYPAD/KEYPAD.o
 *(.gnu.linkonce.d*)
                0x008001e6                . = ALIGN (0x2)
                0x008001e6                _edata = .
                0x008001e6                PROVIDE (__data_end, .)

.bss            0x008001e6       0x3d
                0x008001e6                PROVIDE (__bss_start, .)
 *(.bss)
 .bss           0x008001e6        0x0 e:/sdk_win_64/sdk_win_64/winavr/bin/../lib/gcc/avr/4.3.3/../../../../avr/lib/avr5/crtm32.o
 .bss           0x008001e6        0x0 ./SERVICE/Strings/STR.o
 .bss           0x008001e6        0x0 ./SERVICE/SERVICE.o
 .bss           0x008001e6        0x0 ./MCAL/UART/UART.o
 .bss           0x008001e6        0x0 ./MCAL/TIMER/TIMER.o
 .bss           0x008001e6        0x0 ./MCAL/SPI/SPI.o
 .bss           0x008001e6        0x0 ./MCAL/PWM/PWM.o
 .bss           0x008001e6        0x0 ./MCAL/I2C/I2C.o
 .bss           0x008001e6        0x0 ./MCAL/EXTI/EXTI.o
 .bss           0x008001e6        0x0 ./MCAL/DIO/DIO.o
 .bss           0x008001e6        0x0 ./MCAL/DELAY/TIMER0.o
 .bss           0x008001e6        0x0 ./MCAL/ADC/ADC.o
 .bss           0x008001e6        0x0 ./ECUAL/TEMP_SENSOR/TEMP.o
 .bss           0x008001e6        0x0 ./ECUAL/MOTOR/MOTOR.o
 .bss           0x008001e6        0x0 ./ECUAL/LED/LED.o
 .bss           0x008001e6        0x0 ./ECUAL/LCD/LCD.o
 .bss           0x008001e6        0x0 ./ECUAL/KEYPAD/KEYPAD.o
 .bss           0x008001e6        0x0 ./ECUAL/INTERFACE/INTERFACE_SLAVE.o
 .bss           0x008001e6        0x0 ./ECUAL/INTERFACE/TERMINAL_SLAVE.o
 .bss           0x008001e6        0x0 ./ECUAL/EEPROM/EEPROM.o
 .bss           0x008001e6        0x0 ./APP/Card.o
 .bss           0x008001e6        0x0 ./APP/main.o
 .bss           0x008001e6        0x0 e:/sdk_win_64/sdk_win_64/winavr/bin/../lib/gcc/avr/4.3.3/avr5\libgcc.a(_mulsi3.o)
 .bss           0x008001e6        0x0 e:/sdk_win_64/sdk_win_64/winavr/bin/../lib/gcc/avr/4.3.3/avr5\libgcc.a(_udivmodhi4.o)
 .bss           0x008001e6        0x0 e:/sdk_win_64/sdk_win_64/winavr/bin/../lib/gcc/avr/4.3.3/avr5\libgcc.a(_udivmodsi4.o)
 .bss           0x008001e6        0x0 e:/sdk_win_64/sdk_win_64/winavr/bin/../lib/gcc/avr/4.3.3/avr5\libgcc.a(_exit.o)
 .bss           0x008001e6        0x0 e:/sdk_win_64/sdk_win_64/winavr/bin/../lib/gcc/avr/4.3.3/avr5\libgcc.a(_copy_data.o)
 .bss           0x008001e6        0x0 e:/sdk_win_64/sdk_win_64/winavr/bin/../lib/gcc/avr/4.3.3/avr5\libgcc.a(_clear_bss.o)
 .bss           0x008001e6        0x0 e:/sdk_win_64/sdk_win_64/winavr/bin/../lib/gcc/avr/4.3.3/avr5\libgcc.a(_fixunssfsi.o)
 .bss           0x008001e6        0x0 e:/sdk_win_64/sdk_win_64/winavr/bin/../lib/gcc/avr/4.3.3/avr5\libgcc.a(_addsub_sf.o)
 .bss           0x008001e6        0x0 e:/sdk_win_64/sdk_win_64/winavr/bin/../lib/gcc/avr/4.3.3/avr5\libgcc.a(_mul_sf.o)
 .bss           0x008001e6        0x0 e:/sdk_win_64/sdk_win_64/winavr/bin/../lib/gcc/avr/4.3.3/avr5\libgcc.a(_div_sf.o)
 .bss           0x008001e6        0x0 e:/sdk_win_64/sdk_win_64/winavr/bin/../lib/gcc/avr/4.3.3/avr5\libgcc.a(_ge_sf.o)
 .bss           0x008001e6        0x0 e:/sdk_win_64/sdk_win_64/winavr/bin/../lib/gcc/avr/4.3.3/avr5\libgcc.a(_si_to_sf.o)
 .bss           0x008001e6        0x0 e:/sdk_win_64/sdk_win_64/winavr/bin/../lib/gcc/avr/4.3.3/avr5\libgcc.a(_sf_to_si.o)
 .bss           0x008001e6        0x0 e:/sdk_win_64/sdk_win_64/winavr/bin/../lib/gcc/avr/4.3.3/avr5\libgcc.a(_thenan_sf.o)
 .bss           0x008001e6        0x0 e:/sdk_win_64/sdk_win_64/winavr/bin/../lib/gcc/avr/4.3.3/avr5\libgcc.a(_usi_to_sf.o)
 .bss           0x008001e6        0x0 e:/sdk_win_64/sdk_win_64/winavr/bin/../lib/gcc/avr/4.3.3/avr5\libgcc.a(_prologue.o)
 .bss           0x008001e6        0x0 e:/sdk_win_64/sdk_win_64/winavr/bin/../lib/gcc/avr/4.3.3/avr5\libgcc.a(_epilogue.o)
 .bss           0x008001e6        0x0 e:/sdk_win_64/sdk_win_64/winavr/bin/../lib/gcc/avr/4.3.3/avr5\libgcc.a(_clzsi2.o)
 .bss           0x008001e6        0x0 e:/sdk_win_64/sdk_win_64/winavr/bin/../lib/gcc/avr/4.3.3/avr5\libgcc.a(_pack_sf.o)
 .bss           0x008001e6        0x0 e:/sdk_win_64/sdk_win_64/winavr/bin/../lib/gcc/avr/4.3.3/avr5\libgcc.a(_unpack_sf.o)
 .bss           0x008001e6        0x0 e:/sdk_win_64/sdk_win_64/winavr/bin/../lib/gcc/avr/4.3.3/avr5\libgcc.a(_fpcmp_parts_sf.o)
 .bss           0x008001e6        0x0 e:/sdk_win_64/sdk_win_64/winavr/bin/../lib/gcc/avr/4.3.3/avr5\libgcc.a(_clz.o)
 *(.bss*)
 .bss.gu8_IntializationFlag
                0x008001e6        0x1 ./MCAL/UART/UART.o
 .bss.gpf_RecieveCallBack
                0x008001e7        0x2 ./MCAL/UART/UART.o
 .bss.gpf_TransmitCallBack
                0x008001e9        0x2 ./MCAL/UART/UART.o
 .bss.COMPA_callBack
                0x008001eb        0x2 ./MCAL/TIMER/TIMER.o
 .bss.COMPB_callBack
                0x008001ed        0x2 ./MCAL/TIMER/TIMER.o
 .bss.gu8_SPIState
                0x008001ef        0x1 ./MCAL/SPI/SPI.o
 .bss.gpf_SPICallBack
                0x008001f0        0x2 ./MCAL/SPI/SPI.o
 .bss.PWM1      0x008001f2        0x2 ./MCAL/PWM/PWM.o
 .bss.PWM2      0x008001f4        0x2 ./MCAL/PWM/PWM.o
 .bss.LEDTEST1  0x008001f6        0x2 ./MCAL/I2C/I2C.o
                0x008001f6                LEDTEST1
 .bss.compare   0x008001f8        0x2 ./MCAL/DELAY/TIMER0.o
 .bss.counter   0x008001fa        0x2 ./MCAL/DELAY/TIMER0.o
 .bss.delayCallBack
                0x008001fc        0x2 ./MCAL/DELAY/TIMER0.o
 .bss.ADC_callBack
                0x008001fe        0x2 ./MCAL/ADC/ADC.o
 .bss.counter   0x00800200        0x1 ./APP/Card.o
                0x00800200                counter
 *(COMMON)
 COMMON         0x00800201       0x22 ./APP/Card.o
                0x00800201                card
                0x0080021d                PAN
                0x0080021f                HoldeName
                0x00800221                PIN
                0x00800223                PROVIDE (__bss_end, .)
                0x00004fca                __data_load_start = LOADADDR (.data)
                0x00005150                __data_load_end = (__data_load_start + SIZEOF (.data))

.noinit         0x00800223        0x0
                0x00800223                PROVIDE (__noinit_start, .)
 *(.noinit*)
                0x00800223                PROVIDE (__noinit_end, .)
                0x00800223                _end = .
                0x00800223                PROVIDE (__heap_start, .)

.eeprom         0x00810000        0x0
 *(.eeprom*)
                0x00810000                __eeprom_end = .

.fuse
 *(.fuse)
 *(.lfuse)
 *(.hfuse)
 *(.efuse)

.lock
 *(.lock*)

.signature
 *(.signature*)

.stab           0x00000000     0x81cc
 *(.stab)
 .stab          0x00000000      0x354 ./SERVICE/Strings/STR.o
 .stab          0x00000354      0x4f8 ./SERVICE/SERVICE.o
                                0x504 (size before relaxing)
 .stab          0x0000084c      0xd74 ./MCAL/UART/UART.o
                                0xd80 (size before relaxing)
 .stab          0x000015c0      0x4e0 ./MCAL/TIMER/TIMER.o
                                0x4ec (size before relaxing)
 .stab          0x00001aa0      0xa8c ./MCAL/SPI/SPI.o
                                0xa98 (size before relaxing)
 .stab          0x0000252c      0x408 ./MCAL/PWM/PWM.o
                                0x414 (size before relaxing)
 .stab          0x00002934      0x894 ./MCAL/I2C/I2C.o
                                0x8a0 (size before relaxing)
 .stab          0x000031c8      0x3fc ./MCAL/EXTI/EXTI.o
                                0x408 (size before relaxing)
 .stab          0x000035c4      0xad4 ./MCAL/DIO/DIO.o
                                0xae0 (size before relaxing)
 .stab          0x00004098      0x42c ./MCAL/DELAY/TIMER0.o
                                0x438 (size before relaxing)
 .stab          0x000044c4      0x6b4 ./MCAL/ADC/ADC.o
                                0x6c0 (size before relaxing)
 .stab          0x00004b78      0x3f0 ./ECUAL/TEMP_SENSOR/TEMP.o
                                0x3fc (size before relaxing)
 .stab          0x00004f68      0x4c8 ./ECUAL/MOTOR/MOTOR.o
                                0x4d4 (size before relaxing)
 .stab          0x00005430      0x2e8 ./ECUAL/LED/LED.o
                                0x2f4 (size before relaxing)
 .stab          0x00005718      0xb34 ./ECUAL/LCD/LCD.o
                                0xb40 (size before relaxing)
 .stab          0x0000624c      0x420 ./ECUAL/KEYPAD/KEYPAD.o
                                0x42c (size before relaxing)
 .stab          0x0000666c      0x348 ./ECUAL/INTERFACE/INTERFACE_SLAVE.o
                                0x354 (size before relaxing)
 .stab          0x000069b4      0x348 ./ECUAL/INTERFACE/TERMINAL_SLAVE.o
                                0x3a8 (size before relaxing)
 .stab          0x00006cfc      0x924 ./ECUAL/EEPROM/EEPROM.o
                                0x930 (size before relaxing)
 .stab          0x00007620      0x714 ./APP/Card.o
                                0x720 (size before relaxing)
 .stab          0x00007d34      0x498 ./APP/main.o
                                0x4a4 (size before relaxing)

.stabstr        0x00000000     0x491b
 *(.stabstr)
 .stabstr       0x00000000     0x491b ./SERVICE/Strings/STR.o

.stab.excl
 *(.stab.excl)

.stab.exclstr
 *(.stab.exclstr)

.stab.index
 *(.stab.index)

.stab.indexstr
 *(.stab.indexstr)

.comment
 *(.comment)

.debug
 *(.debug)

.line
 *(.line)

.debug_srcinfo
 *(.debug_srcinfo)

.debug_sfnames
 *(.debug_sfnames)

.debug_aranges  0x00000000      0x180
 *(.debug_aranges)
 .debug_aranges
                0x00000000       0x20 e:/sdk_win_64/sdk_win_64/winavr/bin/../lib/gcc/avr/4.3.3/avr5\libgcc.a(_fixunssfsi.o)
 .debug_aranges
                0x00000020       0x20 e:/sdk_win_64/sdk_win_64/winavr/bin/../lib/gcc/avr/4.3.3/avr5\libgcc.a(_addsub_sf.o)
 .debug_aranges
                0x00000040       0x20 e:/sdk_win_64/sdk_win_64/winavr/bin/../lib/gcc/avr/4.3.3/avr5\libgcc.a(_mul_sf.o)
 .debug_aranges
                0x00000060       0x20 e:/sdk_win_64/sdk_win_64/winavr/bin/../lib/gcc/avr/4.3.3/avr5\libgcc.a(_div_sf.o)
 .debug_aranges
                0x00000080       0x20 e:/sdk_win_64/sdk_win_64/winavr/bin/../lib/gcc/avr/4.3.3/avr5\libgcc.a(_ge_sf.o)
 .debug_aranges
                0x000000a0       0x20 e:/sdk_win_64/sdk_win_64/winavr/bin/../lib/gcc/avr/4.3.3/avr5\libgcc.a(_si_to_sf.o)
 .debug_aranges
                0x000000c0       0x20 e:/sdk_win_64/sdk_win_64/winavr/bin/../lib/gcc/avr/4.3.3/avr5\libgcc.a(_sf_to_si.o)
 .debug_aranges
                0x000000e0       0x20 e:/sdk_win_64/sdk_win_64/winavr/bin/../lib/gcc/avr/4.3.3/avr5\libgcc.a(_usi_to_sf.o)
 .debug_aranges
                0x00000100       0x20 e:/sdk_win_64/sdk_win_64/winavr/bin/../lib/gcc/avr/4.3.3/avr5\libgcc.a(_clzsi2.o)
 .debug_aranges
                0x00000120       0x20 e:/sdk_win_64/sdk_win_64/winavr/bin/../lib/gcc/avr/4.3.3/avr5\libgcc.a(_pack_sf.o)
 .debug_aranges
                0x00000140       0x20 e:/sdk_win_64/sdk_win_64/winavr/bin/../lib/gcc/avr/4.3.3/avr5\libgcc.a(_unpack_sf.o)
 .debug_aranges
                0x00000160       0x20 e:/sdk_win_64/sdk_win_64/winavr/bin/../lib/gcc/avr/4.3.3/avr5\libgcc.a(_fpcmp_parts_sf.o)

.debug_pubnames
                0x00000000      0x1d8
 *(.debug_pubnames)
 .debug_pubnames
                0x00000000       0x23 e:/sdk_win_64/sdk_win_64/winavr/bin/../lib/gcc/avr/4.3.3/avr5\libgcc.a(_fixunssfsi.o)
 .debug_pubnames
                0x00000023       0x2c e:/sdk_win_64/sdk_win_64/winavr/bin/../lib/gcc/avr/4.3.3/avr5\libgcc.a(_addsub_sf.o)
 .debug_pubnames
                0x0000004f       0x1f e:/sdk_win_64/sdk_win_64/winavr/bin/../lib/gcc/avr/4.3.3/avr5\libgcc.a(_mul_sf.o)
 .debug_pubnames
                0x0000006e       0x1f e:/sdk_win_64/sdk_win_64/winavr/bin/../lib/gcc/avr/4.3.3/avr5\libgcc.a(_div_sf.o)
 .debug_pubnames
                0x0000008d       0x1e e:/sdk_win_64/sdk_win_64/winavr/bin/../lib/gcc/avr/4.3.3/avr5\libgcc.a(_ge_sf.o)
 .debug_pubnames
                0x000000ab       0x22 e:/sdk_win_64/sdk_win_64/winavr/bin/../lib/gcc/avr/4.3.3/avr5\libgcc.a(_si_to_sf.o)
 .debug_pubnames
                0x000000cd       0x20 e:/sdk_win_64/sdk_win_64/winavr/bin/../lib/gcc/avr/4.3.3/avr5\libgcc.a(_sf_to_si.o)
 .debug_pubnames
                0x000000ed       0x22 e:/sdk_win_64/sdk_win_64/winavr/bin/../lib/gcc/avr/4.3.3/avr5\libgcc.a(_thenan_sf.o)
 .debug_pubnames
                0x0000010f       0x24 e:/sdk_win_64/sdk_win_64/winavr/bin/../lib/gcc/avr/4.3.3/avr5\libgcc.a(_usi_to_sf.o)
 .debug_pubnames
                0x00000133       0x1f e:/sdk_win_64/sdk_win_64/winavr/bin/../lib/gcc/avr/4.3.3/avr5\libgcc.a(_clzsi2.o)
 .debug_pubnames
                0x00000152       0x1f e:/sdk_win_64/sdk_win_64/winavr/bin/../lib/gcc/avr/4.3.3/avr5\libgcc.a(_pack_sf.o)
 .debug_pubnames
                0x00000171       0x21 e:/sdk_win_64/sdk_win_64/winavr/bin/../lib/gcc/avr/4.3.3/avr5\libgcc.a(_unpack_sf.o)
 .debug_pubnames
                0x00000192       0x26 e:/sdk_win_64/sdk_win_64/winavr/bin/../lib/gcc/avr/4.3.3/avr5\libgcc.a(_fpcmp_parts_sf.o)
 .debug_pubnames
                0x000001b8       0x20 e:/sdk_win_64/sdk_win_64/winavr/bin/../lib/gcc/avr/4.3.3/avr5\libgcc.a(_clz.o)

.debug_info     0x00000000     0x2114
 *(.debug_info)
 .debug_info    0x00000000       0xb1 e:/sdk_win_64/sdk_win_64/winavr/bin/../lib/gcc/avr/4.3.3/avr5\libgcc.a(_fixunssfsi.o)
 .debug_info    0x000000b1      0x47a e:/sdk_win_64/sdk_win_64/winavr/bin/../lib/gcc/avr/4.3.3/avr5\libgcc.a(_addsub_sf.o)
 .debug_info    0x0000052b      0x485 e:/sdk_win_64/sdk_win_64/winavr/bin/../lib/gcc/avr/4.3.3/avr5\libgcc.a(_mul_sf.o)
 .debug_info    0x000009b0      0x3fc e:/sdk_win_64/sdk_win_64/winavr/bin/../lib/gcc/avr/4.3.3/avr5\libgcc.a(_div_sf.o)
 .debug_info    0x00000dac      0x27f e:/sdk_win_64/sdk_win_64/winavr/bin/../lib/gcc/avr/4.3.3/avr5\libgcc.a(_ge_sf.o)
 .debug_info    0x0000102b      0x207 e:/sdk_win_64/sdk_win_64/winavr/bin/../lib/gcc/avr/4.3.3/avr5\libgcc.a(_si_to_sf.o)
 .debug_info    0x00001232      0x2b0 e:/sdk_win_64/sdk_win_64/winavr/bin/../lib/gcc/avr/4.3.3/avr5\libgcc.a(_sf_to_si.o)
 .debug_info    0x000014e2      0x12c e:/sdk_win_64/sdk_win_64/winavr/bin/../lib/gcc/avr/4.3.3/avr5\libgcc.a(_thenan_sf.o)
 .debug_info    0x0000160e      0x206 e:/sdk_win_64/sdk_win_64/winavr/bin/../lib/gcc/avr/4.3.3/avr5\libgcc.a(_usi_to_sf.o)
 .debug_info    0x00001814      0x117 e:/sdk_win_64/sdk_win_64/winavr/bin/../lib/gcc/avr/4.3.3/avr5\libgcc.a(_clzsi2.o)
 .debug_info    0x0000192b      0x2df e:/sdk_win_64/sdk_win_64/winavr/bin/../lib/gcc/avr/4.3.3/avr5\libgcc.a(_pack_sf.o)
 .debug_info    0x00001c0a      0x251 e:/sdk_win_64/sdk_win_64/winavr/bin/../lib/gcc/avr/4.3.3/avr5\libgcc.a(_unpack_sf.o)
 .debug_info    0x00001e5b      0x210 e:/sdk_win_64/sdk_win_64/winavr/bin/../lib/gcc/avr/4.3.3/avr5\libgcc.a(_fpcmp_parts_sf.o)
 .debug_info    0x0000206b       0xa9 e:/sdk_win_64/sdk_win_64/winavr/bin/../lib/gcc/avr/4.3.3/avr5\libgcc.a(_clz.o)
 *(.gnu.linkonce.wi.*)

.debug_abbrev   0x00000000     0x121a
 *(.debug_abbrev)
 .debug_abbrev  0x00000000       0x5d e:/sdk_win_64/sdk_win_64/winavr/bin/../lib/gcc/avr/4.3.3/avr5\libgcc.a(_fixunssfsi.o)
 .debug_abbrev  0x0000005d      0x1ea e:/sdk_win_64/sdk_win_64/winavr/bin/../lib/gcc/avr/4.3.3/avr5\libgcc.a(_addsub_sf.o)
 .debug_abbrev  0x00000247      0x21b e:/sdk_win_64/sdk_win_64/winavr/bin/../lib/gcc/avr/4.3.3/avr5\libgcc.a(_mul_sf.o)
 .debug_abbrev  0x00000462      0x216 e:/sdk_win_64/sdk_win_64/winavr/bin/../lib/gcc/avr/4.3.3/avr5\libgcc.a(_div_sf.o)
 .debug_abbrev  0x00000678      0x15a e:/sdk_win_64/sdk_win_64/winavr/bin/../lib/gcc/avr/4.3.3/avr5\libgcc.a(_ge_sf.o)
 .debug_abbrev  0x000007d2      0x148 e:/sdk_win_64/sdk_win_64/winavr/bin/../lib/gcc/avr/4.3.3/avr5\libgcc.a(_si_to_sf.o)
 .debug_abbrev  0x0000091a      0x17f e:/sdk_win_64/sdk_win_64/winavr/bin/../lib/gcc/avr/4.3.3/avr5\libgcc.a(_sf_to_si.o)
 .debug_abbrev  0x00000a99       0xad e:/sdk_win_64/sdk_win_64/winavr/bin/../lib/gcc/avr/4.3.3/avr5\libgcc.a(_thenan_sf.o)
 .debug_abbrev  0x00000b46      0x157 e:/sdk_win_64/sdk_win_64/winavr/bin/../lib/gcc/avr/4.3.3/avr5\libgcc.a(_usi_to_sf.o)
 .debug_abbrev  0x00000c9d       0xc4 e:/sdk_win_64/sdk_win_64/winavr/bin/../lib/gcc/avr/4.3.3/avr5\libgcc.a(_clzsi2.o)
 .debug_abbrev  0x00000d61      0x1c0 e:/sdk_win_64/sdk_win_64/winavr/bin/../lib/gcc/avr/4.3.3/avr5\libgcc.a(_pack_sf.o)
 .debug_abbrev  0x00000f21      0x154 e:/sdk_win_64/sdk_win_64/winavr/bin/../lib/gcc/avr/4.3.3/avr5\libgcc.a(_unpack_sf.o)
 .debug_abbrev  0x00001075      0x13b e:/sdk_win_64/sdk_win_64/winavr/bin/../lib/gcc/avr/4.3.3/avr5\libgcc.a(_fpcmp_parts_sf.o)
 .debug_abbrev  0x000011b0       0x6a e:/sdk_win_64/sdk_win_64/winavr/bin/../lib/gcc/avr/4.3.3/avr5\libgcc.a(_clz.o)

.debug_line     0x00000000     0x1165
 *(.debug_line)
 .debug_line    0x00000000       0xa7 e:/sdk_win_64/sdk_win_64/winavr/bin/../lib/gcc/avr/4.3.3/avr5\libgcc.a(_fixunssfsi.o)
 .debug_line    0x000000a7      0x2af e:/sdk_win_64/sdk_win_64/winavr/bin/../lib/gcc/avr/4.3.3/avr5\libgcc.a(_addsub_sf.o)
 .debug_line    0x00000356      0x239 e:/sdk_win_64/sdk_win_64/winavr/bin/../lib/gcc/avr/4.3.3/avr5\libgcc.a(_mul_sf.o)
 .debug_line    0x0000058f      0x1d5 e:/sdk_win_64/sdk_win_64/winavr/bin/../lib/gcc/avr/4.3.3/avr5\libgcc.a(_div_sf.o)
 .debug_line    0x00000764       0xd3 e:/sdk_win_64/sdk_win_64/winavr/bin/../lib/gcc/avr/4.3.3/avr5\libgcc.a(_ge_sf.o)
 .debug_line    0x00000837      0x135 e:/sdk_win_64/sdk_win_64/winavr/bin/../lib/gcc/avr/4.3.3/avr5\libgcc.a(_si_to_sf.o)
 .debug_line    0x0000096c      0x109 e:/sdk_win_64/sdk_win_64/winavr/bin/../lib/gcc/avr/4.3.3/avr5\libgcc.a(_sf_to_si.o)
 .debug_line    0x00000a75       0x90 e:/sdk_win_64/sdk_win_64/winavr/bin/../lib/gcc/avr/4.3.3/avr5\libgcc.a(_thenan_sf.o)
 .debug_line    0x00000b05      0x133 e:/sdk_win_64/sdk_win_64/winavr/bin/../lib/gcc/avr/4.3.3/avr5\libgcc.a(_usi_to_sf.o)
 .debug_line    0x00000c38       0xa5 e:/sdk_win_64/sdk_win_64/winavr/bin/../lib/gcc/avr/4.3.3/avr5\libgcc.a(_clzsi2.o)
 .debug_line    0x00000cdd      0x18a e:/sdk_win_64/sdk_win_64/winavr/bin/../lib/gcc/avr/4.3.3/avr5\libgcc.a(_pack_sf.o)
 .debug_line    0x00000e67      0x14b e:/sdk_win_64/sdk_win_64/winavr/bin/../lib/gcc/avr/4.3.3/avr5\libgcc.a(_unpack_sf.o)
 .debug_line    0x00000fb2      0x137 e:/sdk_win_64/sdk_win_64/winavr/bin/../lib/gcc/avr/4.3.3/avr5\libgcc.a(_fpcmp_parts_sf.o)
 .debug_line    0x000010e9       0x7c e:/sdk_win_64/sdk_win_64/winavr/bin/../lib/gcc/avr/4.3.3/avr5\libgcc.a(_clz.o)

.debug_frame    0x00000000      0x1a0
 *(.debug_frame)
 .debug_frame   0x00000000       0x20 e:/sdk_win_64/sdk_win_64/winavr/bin/../lib/gcc/avr/4.3.3/avr5\libgcc.a(_fixunssfsi.o)
 .debug_frame   0x00000020       0x40 e:/sdk_win_64/sdk_win_64/winavr/bin/../lib/gcc/avr/4.3.3/avr5\libgcc.a(_addsub_sf.o)
 .debug_frame   0x00000060       0x20 e:/sdk_win_64/sdk_win_64/winavr/bin/../lib/gcc/avr/4.3.3/avr5\libgcc.a(_mul_sf.o)
 .debug_frame   0x00000080       0x20 e:/sdk_win_64/sdk_win_64/winavr/bin/../lib/gcc/avr/4.3.3/avr5\libgcc.a(_div_sf.o)
 .debug_frame   0x000000a0       0x20 e:/sdk_win_64/sdk_win_64/winavr/bin/../lib/gcc/avr/4.3.3/avr5\libgcc.a(_ge_sf.o)
 .debug_frame   0x000000c0       0x20 e:/sdk_win_64/sdk_win_64/winavr/bin/../lib/gcc/avr/4.3.3/avr5\libgcc.a(_si_to_sf.o)
 .debug_frame   0x000000e0       0x20 e:/sdk_win_64/sdk_win_64/winavr/bin/../lib/gcc/avr/4.3.3/avr5\libgcc.a(_sf_to_si.o)
 .debug_frame   0x00000100       0x20 e:/sdk_win_64/sdk_win_64/winavr/bin/../lib/gcc/avr/4.3.3/avr5\libgcc.a(_usi_to_sf.o)
 .debug_frame   0x00000120       0x20 e:/sdk_win_64/sdk_win_64/winavr/bin/../lib/gcc/avr/4.3.3/avr5\libgcc.a(_clzsi2.o)
 .debug_frame   0x00000140       0x20 e:/sdk_win_64/sdk_win_64/winavr/bin/../lib/gcc/avr/4.3.3/avr5\libgcc.a(_pack_sf.o)
 .debug_frame   0x00000160       0x20 e:/sdk_win_64/sdk_win_64/winavr/bin/../lib/gcc/avr/4.3.3/avr5\libgcc.a(_unpack_sf.o)
 .debug_frame   0x00000180       0x20 e:/sdk_win_64/sdk_win_64/winavr/bin/../lib/gcc/avr/4.3.3/avr5\libgcc.a(_fpcmp_parts_sf.o)

.debug_str      0x00000000      0x2f7
 *(.debug_str)
 .debug_str     0x00000000       0xbf e:/sdk_win_64/sdk_win_64/winavr/bin/../lib/gcc/avr/4.3.3/avr5\libgcc.a(_fixunssfsi.o)
                                 0xfe (size before relaxing)
 .debug_str     0x000000bf      0x14d e:/sdk_win_64/sdk_win_64/winavr/bin/../lib/gcc/avr/4.3.3/avr5\libgcc.a(_addsub_sf.o)
                                0x206 (size before relaxing)
 .debug_str     0x0000020c       0x27 e:/sdk_win_64/sdk_win_64/winavr/bin/../lib/gcc/avr/4.3.3/avr5\libgcc.a(_mul_sf.o)
                                0x1bf (size before relaxing)
 .debug_str     0x00000233       0x35 e:/sdk_win_64/sdk_win_64/winavr/bin/../lib/gcc/avr/4.3.3/avr5\libgcc.a(_div_sf.o)
                                0x1c8 (size before relaxing)
 .debug_str     0x00000268        0x8 e:/sdk_win_64/sdk_win_64/winavr/bin/../lib/gcc/avr/4.3.3/avr5\libgcc.a(_ge_sf.o)
                                0x195 (size before relaxing)
 .debug_str     0x00000270       0x1e e:/sdk_win_64/sdk_win_64/winavr/bin/../lib/gcc/avr/4.3.3/avr5\libgcc.a(_si_to_sf.o)
                                0x17b (size before relaxing)
 .debug_str     0x0000028e        0xa e:/sdk_win_64/sdk_win_64/winavr/bin/../lib/gcc/avr/4.3.3/avr5\libgcc.a(_sf_to_si.o)
                                0x19e (size before relaxing)
 .debug_str     0x00000000      0x103 e:/sdk_win_64/sdk_win_64/winavr/bin/../lib/gcc/avr/4.3.3/avr5\libgcc.a(_thenan_sf.o)
 .debug_str     0x00000298       0x14 e:/sdk_win_64/sdk_win_64/winavr/bin/../lib/gcc/avr/4.3.3/avr5\libgcc.a(_usi_to_sf.o)
                                0x177 (size before relaxing)
 .debug_str     0x000002ac       0x20 e:/sdk_win_64/sdk_win_64/winavr/bin/../lib/gcc/avr/4.3.3/avr5\libgcc.a(_clzsi2.o)
                                0x111 (size before relaxing)
 .debug_str     0x000002cc       0x10 e:/sdk_win_64/sdk_win_64/winavr/bin/../lib/gcc/avr/4.3.3/avr5\libgcc.a(_pack_sf.o)
                                0x19d (size before relaxing)
 .debug_str     0x000002dc        0xb e:/sdk_win_64/sdk_win_64/winavr/bin/../lib/gcc/avr/4.3.3/avr5\libgcc.a(_unpack_sf.o)
                                0x17f (size before relaxing)
 .debug_str     0x000002e7       0x10 e:/sdk_win_64/sdk_win_64/winavr/bin/../lib/gcc/avr/4.3.3/avr5\libgcc.a(_fpcmp_parts_sf.o)
                                0x163 (size before relaxing)
 .debug_str     0x00000000       0xf4 e:/sdk_win_64/sdk_win_64/winavr/bin/../lib/gcc/avr/4.3.3/avr5\libgcc.a(_clz.o)

.debug_loc      0x00000000      0x9a2
 *(.debug_loc)
 .debug_loc     0x00000000       0x34 e:/sdk_win_64/sdk_win_64/winavr/bin/../lib/gcc/avr/4.3.3/avr5\libgcc.a(_fixunssfsi.o)
 .debug_loc     0x00000034      0x32a e:/sdk_win_64/sdk_win_64/winavr/bin/../lib/gcc/avr/4.3.3/avr5\libgcc.a(_addsub_sf.o)
 .debug_loc     0x0000035e      0x104 e:/sdk_win_64/sdk_win_64/winavr/bin/../lib/gcc/avr/4.3.3/avr5\libgcc.a(_mul_sf.o)
 .debug_loc     0x00000462       0xc0 e:/sdk_win_64/sdk_win_64/winavr/bin/../lib/gcc/avr/4.3.3/avr5\libgcc.a(_div_sf.o)
 .debug_loc     0x00000522       0x3c e:/sdk_win_64/sdk_win_64/winavr/bin/../lib/gcc/avr/4.3.3/avr5\libgcc.a(_ge_sf.o)
 .debug_loc     0x0000055e       0xac e:/sdk_win_64/sdk_win_64/winavr/bin/../lib/gcc/avr/4.3.3/avr5\libgcc.a(_si_to_sf.o)
 .debug_loc     0x0000060a       0x7e e:/sdk_win_64/sdk_win_64/winavr/bin/../lib/gcc/avr/4.3.3/avr5\libgcc.a(_sf_to_si.o)
 .debug_loc     0x00000688       0x4c e:/sdk_win_64/sdk_win_64/winavr/bin/../lib/gcc/avr/4.3.3/avr5\libgcc.a(_usi_to_sf.o)
 .debug_loc     0x000006d4       0x94 e:/sdk_win_64/sdk_win_64/winavr/bin/../lib/gcc/avr/4.3.3/avr5\libgcc.a(_clzsi2.o)
 .debug_loc     0x00000768      0x13e e:/sdk_win_64/sdk_win_64/winavr/bin/../lib/gcc/avr/4.3.3/avr5\libgcc.a(_pack_sf.o)
 .debug_loc     0x000008a6       0xac e:/sdk_win_64/sdk_win_64/winavr/bin/../lib/gcc/avr/4.3.3/avr5\libgcc.a(_unpack_sf.o)
 .debug_loc     0x00000952       0x50 e:/sdk_win_64/sdk_win_64/winavr/bin/../lib/gcc/avr/4.3.3/avr5\libgcc.a(_fpcmp_parts_sf.o)

.debug_macinfo
 *(.debug_macinfo)
OUTPUT(CARD_ECU.elf elf32-avr)
LOAD linker stubs

.debug_ranges   0x00000000       0x50
 .debug_ranges  0x00000000       0x50 e:/sdk_win_64/sdk_win_64/winavr/bin/../lib/gcc/avr/4.3.3/avr5\libgcc.a(_mul_sf.o)
