Archive member included because of file (symbol)

e:/sdk_win_64/sdk_win_64/winavr/bin/../lib/gcc/avr/4.3.3/avr5\libgcc.a(_udivmodhi4.o)
                              ./MCAL/UART/UART.o (__udivmodhi4)
e:/sdk_win_64/sdk_win_64/winavr/bin/../lib/gcc/avr/4.3.3/avr5\libgcc.a(_udivmodsi4.o)
                              ./MCAL/UART/UART.o (__udivmodsi4)
e:/sdk_win_64/sdk_win_64/winavr/bin/../lib/gcc/avr/4.3.3/avr5\libgcc.a(_exit.o)
                              e:/sdk_win_64/sdk_win_64/winavr/bin/../lib/gcc/avr/4.3.3/../../../../avr/lib/avr5/crtm32.o (exit)
e:/sdk_win_64/sdk_win_64/winavr/bin/../lib/gcc/avr/4.3.3/avr5\libgcc.a(_copy_data.o)
                              ./MCAL/SPI/SPI.o (__do_copy_data)
e:/sdk_win_64/sdk_win_64/winavr/bin/../lib/gcc/avr/4.3.3/avr5\libgcc.a(_clear_bss.o)
                              ./MCAL/UART/UART.o (__do_clear_bss)

Memory Configuration

Name             Origin             Length             Attributes
text             0x00000000         0x00020000         xr
data             0x00800060         0x0000ffa0         rw !x
eeprom           0x00810000         0x00010000         rw !x
fuse             0x00820000         0x00000400         rw !x
lock             0x00830000         0x00000400         rw !x
signature        0x00840000         0x00000400         rw !x
*default*        0x00000000         0xffffffff

Linker script and memory map

LOAD e:/sdk_win_64/sdk_win_64/winavr/bin/../lib/gcc/avr/4.3.3/../../../../avr/lib/avr5/crtm32.o
LOAD ./Service/Strings/STR.o
LOAD ./MCAL/UART/UART.o
LOAD ./MCAL/SPI/SPI.o
LOAD ./MCAL/I2C/I2C.o
LOAD ./MCAL/DIO/DIO.o
LOAD ./MCAL/DELAY/TIMER0.o
LOAD ./ECUAL/LED/LED.o
LOAD ./ECUAL/EEPROM/EEPROM.o
LOAD ./APP/main.o
LOAD e:/sdk_win_64/sdk_win_64/winavr/bin/../lib/gcc/avr/4.3.3/avr5\libgcc.a
LOAD e:/sdk_win_64/sdk_win_64/winavr/bin/../lib/gcc/avr/4.3.3/../../../../avr/lib/avr5\libc.a
LOAD e:/sdk_win_64/sdk_win_64/winavr/bin/../lib/gcc/avr/4.3.3/avr5\libgcc.a

.hash
 *(.hash)

.dynsym
 *(.dynsym)

.dynstr
 *(.dynstr)

.gnu.version
 *(.gnu.version)

.gnu.version_d
 *(.gnu.version_d)

.gnu.version_r
 *(.gnu.version_r)

.rel.init
 *(.rel.init)

.rela.init
 *(.rela.init)

.rel.text
 *(.rel.text)
 *(.rel.text.*)
 *(.rel.gnu.linkonce.t*)

.rela.text
 *(.rela.text)
 *(.rela.text.*)
 *(.rela.gnu.linkonce.t*)

.rel.fini
 *(.rel.fini)

.rela.fini
 *(.rela.fini)

.rel.rodata
 *(.rel.rodata)
 *(.rel.rodata.*)
 *(.rel.gnu.linkonce.r*)

.rela.rodata
 *(.rela.rodata)
 *(.rela.rodata.*)
 *(.rela.gnu.linkonce.r*)

.rel.data
 *(.rel.data)
 *(.rel.data.*)
 *(.rel.gnu.linkonce.d*)

.rela.data
 *(.rela.data)
 *(.rela.data.*)
 *(.rela.gnu.linkonce.d*)

.rel.ctors
 *(.rel.ctors)

.rela.ctors
 *(.rela.ctors)

.rel.dtors
 *(.rel.dtors)

.rela.dtors
 *(.rela.dtors)

.rel.got
 *(.rel.got)

.rela.got
 *(.rela.got)

.rel.bss
 *(.rel.bss)

.rela.bss
 *(.rela.bss)

.rel.plt
 *(.rel.plt)

.rela.plt
 *(.rela.plt)

.text           0x00000000     0x26ce
 *(.vectors)
 .vectors       0x00000000       0x54 e:/sdk_win_64/sdk_win_64/winavr/bin/../lib/gcc/avr/4.3.3/../../../../avr/lib/avr5/crtm32.o
                0x00000000                __vectors
                0x00000000                __vector_default
 *(.vectors)
 *(.progmem.gcc*)
 *(.progmem*)
                0x00000054                . = ALIGN (0x2)
                0x00000054                __trampolines_start = .
 *(.trampolines)
 .trampolines   0x00000054        0x0 linker stubs
 *(.trampolines*)
                0x00000054                __trampolines_end = .
 *(.jumptables)
 *(.jumptables*)
 *(.lowtext)
 *(.lowtext*)
                0x00000054                __ctors_start = .
 *(.ctors)
                0x00000054                __ctors_end = .
                0x00000054                __dtors_start = .
 *(.dtors)
                0x00000054                __dtors_end = .
 SORT(*)(.ctors)
 SORT(*)(.dtors)
 *(.init0)
 .init0         0x00000054        0x0 e:/sdk_win_64/sdk_win_64/winavr/bin/../lib/gcc/avr/4.3.3/../../../../avr/lib/avr5/crtm32.o
                0x00000054                __init
 *(.init0)
 *(.init1)
 *(.init1)
 *(.init2)
 .init2         0x00000054        0xc e:/sdk_win_64/sdk_win_64/winavr/bin/../lib/gcc/avr/4.3.3/../../../../avr/lib/avr5/crtm32.o
 *(.init2)
 *(.init3)
 *(.init3)
 *(.init4)
 .init4         0x00000060       0x16 e:/sdk_win_64/sdk_win_64/winavr/bin/../lib/gcc/avr/4.3.3/avr5\libgcc.a(_copy_data.o)
                0x00000060                __do_copy_data
 .init4         0x00000076       0x10 e:/sdk_win_64/sdk_win_64/winavr/bin/../lib/gcc/avr/4.3.3/avr5\libgcc.a(_clear_bss.o)
                0x00000076                __do_clear_bss
 *(.init4)
 *(.init5)
 *(.init5)
 *(.init6)
 *(.init6)
 *(.init7)
 *(.init7)
 *(.init8)
 *(.init8)
 *(.init9)
 .init9         0x00000086        0x8 e:/sdk_win_64/sdk_win_64/winavr/bin/../lib/gcc/avr/4.3.3/../../../../avr/lib/avr5/crtm32.o
 *(.init9)
 *(.text)
 .text          0x0000008e        0x4 e:/sdk_win_64/sdk_win_64/winavr/bin/../lib/gcc/avr/4.3.3/../../../../avr/lib/avr5/crtm32.o
                0x0000008e                __vector_1
                0x0000008e                __bad_interrupt
                0x0000008e                __vector_6
                0x0000008e                __vector_3
                0x0000008e                __vector_11
                0x0000008e                __vector_17
                0x0000008e                __vector_7
                0x0000008e                __vector_5
                0x0000008e                __vector_4
                0x0000008e                __vector_9
                0x0000008e                __vector_2
                0x0000008e                __vector_15
                0x0000008e                __vector_8
                0x0000008e                __vector_16
                0x0000008e                __vector_18
                0x0000008e                __vector_20
 .text          0x00000092        0x0 ./Service/Strings/STR.o
 .text          0x00000092        0x0 ./MCAL/UART/UART.o
 .text          0x00000092        0x0 ./MCAL/SPI/SPI.o
 .text          0x00000092        0x0 ./MCAL/I2C/I2C.o
 .text          0x00000092        0x0 ./MCAL/DIO/DIO.o
 .text          0x00000092        0x0 ./MCAL/DELAY/TIMER0.o
 .text          0x00000092        0x0 ./ECUAL/LED/LED.o
 .text          0x00000092        0x0 ./ECUAL/EEPROM/EEPROM.o
 .text          0x00000092        0x0 ./APP/main.o
 .text          0x00000092        0x0 e:/sdk_win_64/sdk_win_64/winavr/bin/../lib/gcc/avr/4.3.3/avr5\libgcc.a(_udivmodhi4.o)
 .text          0x00000092        0x0 e:/sdk_win_64/sdk_win_64/winavr/bin/../lib/gcc/avr/4.3.3/avr5\libgcc.a(_udivmodsi4.o)
 .text          0x00000092        0x0 e:/sdk_win_64/sdk_win_64/winavr/bin/../lib/gcc/avr/4.3.3/avr5\libgcc.a(_exit.o)
 .text          0x00000092        0x0 e:/sdk_win_64/sdk_win_64/winavr/bin/../lib/gcc/avr/4.3.3/avr5\libgcc.a(_copy_data.o)
 .text          0x00000092        0x0 e:/sdk_win_64/sdk_win_64/winavr/bin/../lib/gcc/avr/4.3.3/avr5\libgcc.a(_clear_bss.o)
                0x00000092                . = ALIGN (0x2)
 *(.text.*)
 .text.STR_CMP  0x00000092      0x10a ./Service/Strings/STR.o
                0x00000092                STR_CMP
 .text.STR_BinToInt
                0x0000019c       0x76 ./Service/Strings/STR.o
                0x0000019c                STR_BinToInt
 .text.UART_u8Init
                0x00000212      0x12c ./MCAL/UART/UART.o
                0x00000212                UART_u8Init
 .text.UART_u8SendByte
                0x0000033e       0x46 ./MCAL/UART/UART.o
                0x0000033e                UART_u8SendByte
 .text.UART_u8SendInt
                0x00000384      0x19e ./MCAL/UART/UART.o
                0x00000384                UART_u8SendInt
 .text.UART_u8SendString
                0x00000522       0x72 ./MCAL/UART/UART.o
                0x00000522                UART_u8SendString
 .text.UART_u8ReceiveByte
                0x00000594       0x54 ./MCAL/UART/UART.o
                0x00000594                UART_u8ReceiveByte
 .text.UART_u8ReceiveInt
                0x000005e8      0x100 ./MCAL/UART/UART.o
                0x000005e8                UART_u8ReceiveInt
 .text.UART_u8RecieveString
                0x000006e8       0x74 ./MCAL/UART/UART.o
                0x000006e8                UART_u8RecieveString
 .text.UART_u8ReceiveCountedString
                0x0000075c       0x82 ./MCAL/UART/UART.o
                0x0000075c                UART_u8ReceiveCountedString
 .text.UART_u8EnableRecievingInterrupt
                0x000007de       0x66 ./MCAL/UART/UART.o
                0x000007de                UART_u8EnableRecievingInterrupt
 .text.UART_u8EnableSendingInterrupt
                0x00000844       0x66 ./MCAL/UART/UART.o
                0x00000844                UART_u8EnableSendingInterrupt
 .text.UART_u8DisableReceivingInterrupt
                0x000008aa       0x24 ./MCAL/UART/UART.o
                0x000008aa                UART_u8DisableReceivingInterrupt
 .text.UART_u8DisableTransmittionInterrupt
                0x000008ce       0x24 ./MCAL/UART/UART.o
                0x000008ce                UART_u8DisableTransmittionInterrupt
 .text.UART_u8Deinit
                0x000008f2       0x5c ./MCAL/UART/UART.o
                0x000008f2                UART_u8Deinit
 .text.__vector_13
                0x0000094e       0x74 ./MCAL/UART/UART.o
                0x0000094e                __vector_13
 .text.__vector_14
                0x000009c2       0x66 ./MCAL/UART/UART.o
                0x000009c2                __vector_14
 .text.SPI_u8Init
                0x00000a28      0x108 ./MCAL/SPI/SPI.o
                0x00000a28                SPI_u8Init
 .text.SPI_u8SendByte
                0x00000b30       0x56 ./MCAL/SPI/SPI.o
                0x00000b30                SPI_u8SendByte
 .text.SPI_u8SendString
                0x00000b86       0x7c ./MCAL/SPI/SPI.o
                0x00000b86                SPI_u8SendString
 .text.SPI_u8ReceiveByte
                0x00000c02       0x54 ./MCAL/SPI/SPI.o
                0x00000c02                SPI_u8ReceiveByte
 .text.SPI_u8ReceiveString
                0x00000c56       0x82 ./MCAL/SPI/SPI.o
                0x00000c56                SPI_u8ReceiveString
 .text.SPI_u8EnableInterrupt
                0x00000cd8       0x66 ./MCAL/SPI/SPI.o
                0x00000cd8                SPI_u8EnableInterrupt
 .text.SPI_u8DisableInterrupt
                0x00000d3e       0x24 ./MCAL/SPI/SPI.o
                0x00000d3e                SPI_u8DisableInterrupt
 .text.SPI_u8Deinit
                0x00000d62       0x36 ./MCAL/SPI/SPI.o
                0x00000d62                SPI_u8Deinit
 .text.__vector_12
                0x00000d98       0x24 ./MCAL/SPI/SPI.o
                0x00000d98                __vector_12
 .text.I2C_u8Init
                0x00000dbc       0x70 ./MCAL/I2C/I2C.o
                0x00000dbc                I2C_u8Init
 .text.I2C_u8GetStatus
                0x00000e2c       0x16 ./MCAL/I2C/I2C.o
                0x00000e2c                I2C_u8GetStatus
 .text.I2C_u8MasterSendSLA
                0x00000e42       0x62 ./MCAL/I2C/I2C.o
                0x00000e42                I2C_u8MasterSendSLA
 .text.I2C_u8MasterSendByte
                0x00000ea4       0x3e ./MCAL/I2C/I2C.o
                0x00000ea4                I2C_u8MasterSendByte
 .text.I2C_u8MasterSendStart
                0x00000ee2       0x3e ./MCAL/I2C/I2C.o
                0x00000ee2                I2C_u8MasterSendStart
 .text.I2C_u8SendRepeatedStart
                0x00000f20       0x48 ./MCAL/I2C/I2C.o
                0x00000f20                I2C_u8SendRepeatedStart
 .text.I2C_u8MasterReceiveWithACK
                0x00000f68       0x88 ./MCAL/I2C/I2C.o
                0x00000f68                I2C_u8MasterReceiveWithACK
 .text.I2C_u8MasterReceiveWithNAK
                0x00000ff0       0x80 ./MCAL/I2C/I2C.o
                0x00000ff0                I2C_u8MasterReceiveWithNAK
 .text.I2C_u8Stop
                0x00001070       0x44 ./MCAL/I2C/I2C.o
                0x00001070                I2C_u8Stop
 .text.I2C_u8SlaveGetByte
                0x000010b4       0x68 ./MCAL/I2C/I2C.o
                0x000010b4                I2C_u8SlaveGetByte
 .text.__vector_19
                0x0000111c       0x38 ./MCAL/I2C/I2C.o
                0x0000111c                __vector_19
 .text.DIO_u8SetPinDirection
                0x00001154      0x494 ./MCAL/DIO/DIO.o
                0x00001154                DIO_u8SetPinDirection
 .text.DIO_u8SetPinData
                0x000015e8      0x248 ./MCAL/DIO/DIO.o
                0x000015e8                DIO_u8SetPinData
 .text.DIO_u8GetPinData
                0x00001830      0x12e ./MCAL/DIO/DIO.o
                0x00001830                DIO_u8GetPinData
 .text.DIO_u8SetPortDirection
                0x0000195e      0x216 ./MCAL/DIO/DIO.o
                0x0000195e                DIO_u8SetPortDirection
 .text.DIO_u8SetPortData
                0x00001b74       0xa0 ./MCAL/DIO/DIO.o
                0x00001b74                DIO_u8SetPortData
 .text.DIO_u8GetPortData
                0x00001c14       0xb0 ./MCAL/DIO/DIO.o
                0x00001c14                DIO_u8GetPortData
 .text.DIO_u8TogglePinData
                0x00001cc4      0x108 ./MCAL/DIO/DIO.o
                0x00001cc4                DIO_u8TogglePinData
 .text.DIO_u8Set4BitsValue
                0x00001dcc       0xf0 ./MCAL/DIO/DIO.o
                0x00001dcc                DIO_u8Set4BitsValue
 .text.TIMER0_u8Init
                0x00001ebc       0x18 ./MCAL/DELAY/TIMER0.o
                0x00001ebc                TIMER0_u8Init
 .text.TIMER0_u8InterruptDelay
                0x00001ed4       0x8a ./MCAL/DELAY/TIMER0.o
                0x00001ed4                TIMER0_u8InterruptDelay
 .text.TIMER0_u8PollingDelay
                0x00001f5e       0xa4 ./MCAL/DELAY/TIMER0.o
                0x00001f5e                TIMER0_u8PollingDelay
 .text.__vector_10
                0x00002002       0xaa ./MCAL/DELAY/TIMER0.o
                0x00002002                __vector_10
 .text.LED_u8Init
                0x000020ac       0x2c ./ECUAL/LED/LED.o
                0x000020ac                LED_u8Init
 .text.LED_u8On
                0x000020d8       0x2c ./ECUAL/LED/LED.o
                0x000020d8                LED_u8On
 .text.LED_u8Off
                0x00002104       0x2c ./ECUAL/LED/LED.o
                0x00002104                LED_u8Off
 .text.LED_u8Toggle
                0x00002130       0x2a ./ECUAL/LED/LED.o
                0x00002130                LED_u8Toggle
 .text.EEPROM_Init
                0x0000215a       0x12 ./ECUAL/EEPROM/EEPROM.o
                0x0000215a                EEPROM_Init
 .text.EEPROM_u8WriteByteTo
                0x0000216c       0x6c ./ECUAL/EEPROM/EEPROM.o
                0x0000216c                EEPROM_u8WriteByteTo
 .text.EEPROM_u8RandonReadFrom
                0x000021d8       0x7c ./ECUAL/EEPROM/EEPROM.o
                0x000021d8                EEPROM_u8RandonReadFrom
 .text.EEPROM_u8WriteStringTo
                0x00002254       0xaa ./ECUAL/EEPROM/EEPROM.o
                0x00002254                EEPROM_u8WriteStringTo
 .text.EEPROM_u8ReadStringFrom
                0x000022fe       0xb2 ./ECUAL/EEPROM/EEPROM.o
                0x000022fe                EEPROM_u8ReadStringFrom
 .text.EEPROM_u8WriteIntTo
                0x000023b0       0xaa ./ECUAL/EEPROM/EEPROM.o
                0x000023b0                EEPROM_u8WriteIntTo
 .text.EEPROM_u8ReadIntFrom
                0x0000245a       0xc8 ./ECUAL/EEPROM/EEPROM.o
                0x0000245a                EEPROM_u8ReadIntFrom
 .text.main     0x00002522      0x13c ./APP/main.o
                0x00002522                main
 .text.libgcc   0x0000265e       0x28 e:/sdk_win_64/sdk_win_64/winavr/bin/../lib/gcc/avr/4.3.3/avr5\libgcc.a(_udivmodhi4.o)
                0x0000265e                __udivmodhi4
 .text.libgcc   0x00002686       0x44 e:/sdk_win_64/sdk_win_64/winavr/bin/../lib/gcc/avr/4.3.3/avr5\libgcc.a(_udivmodsi4.o)
                0x00002686                __udivmodsi4
 .text.libgcc   0x000026ca        0x0 e:/sdk_win_64/sdk_win_64/winavr/bin/../lib/gcc/avr/4.3.3/avr5\libgcc.a(_exit.o)
 .text.libgcc   0x000026ca        0x0 e:/sdk_win_64/sdk_win_64/winavr/bin/../lib/gcc/avr/4.3.3/avr5\libgcc.a(_copy_data.o)
 .text.libgcc   0x000026ca        0x0 e:/sdk_win_64/sdk_win_64/winavr/bin/../lib/gcc/avr/4.3.3/avr5\libgcc.a(_clear_bss.o)
                0x000026ca                . = ALIGN (0x2)
 *(.fini9)
 .fini9         0x000026ca        0x0 e:/sdk_win_64/sdk_win_64/winavr/bin/../lib/gcc/avr/4.3.3/avr5\libgcc.a(_exit.o)
                0x000026ca                exit
                0x000026ca                _exit
 *(.fini9)
 *(.fini8)
 *(.fini8)
 *(.fini7)
 *(.fini7)
 *(.fini6)
 *(.fini6)
 *(.fini5)
 *(.fini5)
 *(.fini4)
 *(.fini4)
 *(.fini3)
 *(.fini3)
 *(.fini2)
 *(.fini2)
 *(.fini1)
 *(.fini1)
 *(.fini0)
 .fini0         0x000026ca        0x4 e:/sdk_win_64/sdk_win_64/winavr/bin/../lib/gcc/avr/4.3.3/avr5\libgcc.a(_exit.o)
 *(.fini0)
                0x000026ce                _etext = .

.data           0x00800060       0x90 load address 0x000026ce
                0x00800060                PROVIDE (__data_start, .)
 *(.data)
 .data          0x00800060        0x0 e:/sdk_win_64/sdk_win_64/winavr/bin/../lib/gcc/avr/4.3.3/../../../../avr/lib/avr5/crtm32.o
 .data          0x00800060        0x0 ./Service/Strings/STR.o
 .data          0x00800060        0x0 ./MCAL/UART/UART.o
 .data          0x00800060        0x0 ./MCAL/SPI/SPI.o
 .data          0x00800060        0x0 ./MCAL/I2C/I2C.o
 .data          0x00800060        0x0 ./MCAL/DIO/DIO.o
 .data          0x00800060        0x0 ./MCAL/DELAY/TIMER0.o
 .data          0x00800060        0x0 ./ECUAL/LED/LED.o
 .data          0x00800060        0x0 ./ECUAL/EEPROM/EEPROM.o
 .data          0x00800060       0x89 ./APP/main.o
 .data          0x008000e9        0x0 e:/sdk_win_64/sdk_win_64/winavr/bin/../lib/gcc/avr/4.3.3/avr5\libgcc.a(_udivmodhi4.o)
 .data          0x008000e9        0x0 e:/sdk_win_64/sdk_win_64/winavr/bin/../lib/gcc/avr/4.3.3/avr5\libgcc.a(_udivmodsi4.o)
 .data          0x008000e9        0x0 e:/sdk_win_64/sdk_win_64/winavr/bin/../lib/gcc/avr/4.3.3/avr5\libgcc.a(_exit.o)
 .data          0x008000e9        0x0 e:/sdk_win_64/sdk_win_64/winavr/bin/../lib/gcc/avr/4.3.3/avr5\libgcc.a(_copy_data.o)
 .data          0x008000e9        0x0 e:/sdk_win_64/sdk_win_64/winavr/bin/../lib/gcc/avr/4.3.3/avr5\libgcc.a(_clear_bss.o)
 *(.data*)
 .data.LEDT     0x008000e9        0x2 ./MCAL/SPI/SPI.o
                0x008000e9                LEDT
 .data.LEDTEST2
                0x008000eb        0x2 ./MCAL/I2C/I2C.o
                0x008000eb                LEDTEST2
 .data.gu8_I2CState
                0x008000ed        0x1 ./MCAL/I2C/I2C.o
 .data.delay_stat
                0x008000ee        0x1 ./MCAL/DELAY/TIMER0.o
 *(.rodata)
 *(.rodata*)
 *(.gnu.linkonce.d*)
                0x008000f0                . = ALIGN (0x2)
 *fill*         0x008000ef        0x1 00
                0x008000f0                _edata = .
                0x008000f0                PROVIDE (__data_end, .)

.bss            0x008000f0       0x10
                0x008000f0                PROVIDE (__bss_start, .)
 *(.bss)
 .bss           0x008000f0        0x0 e:/sdk_win_64/sdk_win_64/winavr/bin/../lib/gcc/avr/4.3.3/../../../../avr/lib/avr5/crtm32.o
 .bss           0x008000f0        0x0 ./Service/Strings/STR.o
 .bss           0x008000f0        0x0 ./MCAL/UART/UART.o
 .bss           0x008000f0        0x0 ./MCAL/SPI/SPI.o
 .bss           0x008000f0        0x0 ./MCAL/I2C/I2C.o
 .bss           0x008000f0        0x0 ./MCAL/DIO/DIO.o
 .bss           0x008000f0        0x0 ./MCAL/DELAY/TIMER0.o
 .bss           0x008000f0        0x0 ./ECUAL/LED/LED.o
 .bss           0x008000f0        0x0 ./ECUAL/EEPROM/EEPROM.o
 .bss           0x008000f0        0x0 ./APP/main.o
 .bss           0x008000f0        0x0 e:/sdk_win_64/sdk_win_64/winavr/bin/../lib/gcc/avr/4.3.3/avr5\libgcc.a(_udivmodhi4.o)
 .bss           0x008000f0        0x0 e:/sdk_win_64/sdk_win_64/winavr/bin/../lib/gcc/avr/4.3.3/avr5\libgcc.a(_udivmodsi4.o)
 .bss           0x008000f0        0x0 e:/sdk_win_64/sdk_win_64/winavr/bin/../lib/gcc/avr/4.3.3/avr5\libgcc.a(_exit.o)
 .bss           0x008000f0        0x0 e:/sdk_win_64/sdk_win_64/winavr/bin/../lib/gcc/avr/4.3.3/avr5\libgcc.a(_copy_data.o)
 .bss           0x008000f0        0x0 e:/sdk_win_64/sdk_win_64/winavr/bin/../lib/gcc/avr/4.3.3/avr5\libgcc.a(_clear_bss.o)
 *(.bss*)
 .bss.gu8_IntializationFlag
                0x008000f0        0x1 ./MCAL/UART/UART.o
 .bss.gpf_RecieveCallBack
                0x008000f1        0x2 ./MCAL/UART/UART.o
 .bss.gpf_TransmitCallBack
                0x008000f3        0x2 ./MCAL/UART/UART.o
 .bss.gu8_SPIState
                0x008000f5        0x1 ./MCAL/SPI/SPI.o
 .bss.gpf_SPICallBack
                0x008000f6        0x2 ./MCAL/SPI/SPI.o
 .bss.LEDTEST1  0x008000f8        0x2 ./MCAL/I2C/I2C.o
                0x008000f8                LEDTEST1
 .bss.compare   0x008000fa        0x2 ./MCAL/DELAY/TIMER0.o
 .bss.counter   0x008000fc        0x2 ./MCAL/DELAY/TIMER0.o
 .bss.delayCallBack
                0x008000fe        0x2 ./MCAL/DELAY/TIMER0.o
 *(COMMON)
                0x00800100                PROVIDE (__bss_end, .)
                0x000026ce                __data_load_start = LOADADDR (.data)
                0x0000275e                __data_load_end = (__data_load_start + SIZEOF (.data))

.noinit         0x00800100        0x0
                0x00800100                PROVIDE (__noinit_start, .)
 *(.noinit*)
                0x00800100                PROVIDE (__noinit_end, .)
                0x00800100                _end = .
                0x00800100                PROVIDE (__heap_start, .)

.eeprom         0x00810000        0x0
 *(.eeprom*)
                0x00810000                __eeprom_end = .

.fuse
 *(.fuse)
 *(.lfuse)
 *(.hfuse)
 *(.efuse)

.lock
 *(.lock*)

.signature
 *(.signature*)

.stab           0x00000000     0x435c
 *(.stab)
 .stab          0x00000000      0x408 ./Service/Strings/STR.o
 .stab          0x00000408      0xd68 ./MCAL/UART/UART.o
                                0xd74 (size before relaxing)
 .stab          0x00001170      0x8b8 ./MCAL/SPI/SPI.o
                                0x8c4 (size before relaxing)
 .stab          0x00001a28      0x894 ./MCAL/I2C/I2C.o
                                0x8a0 (size before relaxing)
 .stab          0x000022bc      0xbc4 ./MCAL/DIO/DIO.o
                                0xbd0 (size before relaxing)
 .stab          0x00002e80      0x42c ./MCAL/DELAY/TIMER0.o
                                0x438 (size before relaxing)
 .stab          0x000032ac      0x2e8 ./ECUAL/LED/LED.o
                                0x2f4 (size before relaxing)
 .stab          0x00003594      0x93c ./ECUAL/EEPROM/EEPROM.o
                                0x948 (size before relaxing)
 .stab          0x00003ed0      0x48c ./APP/main.o
                                0x498 (size before relaxing)

.stabstr        0x00000000     0x2336
 *(.stabstr)
 .stabstr       0x00000000     0x2336 ./Service/Strings/STR.o

.stab.excl
 *(.stab.excl)

.stab.exclstr
 *(.stab.exclstr)

.stab.index
 *(.stab.index)

.stab.indexstr
 *(.stab.indexstr)

.comment
 *(.comment)

.debug
 *(.debug)

.line
 *(.line)

.debug_srcinfo
 *(.debug_srcinfo)

.debug_sfnames
 *(.debug_sfnames)

.debug_aranges
 *(.debug_aranges)

.debug_pubnames
 *(.debug_pubnames)

.debug_info
 *(.debug_info)
 *(.gnu.linkonce.wi.*)

.debug_abbrev
 *(.debug_abbrev)

.debug_line
 *(.debug_line)

.debug_frame
 *(.debug_frame)

.debug_str
 *(.debug_str)

.debug_loc
 *(.debug_loc)

.debug_macinfo
 *(.debug_macinfo)
OUTPUT(EEPROM_TEST.elf elf32-avr)
LOAD linker stubs
