Archive member included because of file (symbol)

e:/sdk_win_64/sdk_win_64/winavr/bin/../lib/gcc/avr/4.3.3/avr5\libgcc.a(_mulsi3.o)
                              ./MCAL/UART/UART.o (__mulsi3)
e:/sdk_win_64/sdk_win_64/winavr/bin/../lib/gcc/avr/4.3.3/avr5\libgcc.a(_udivmodsi4.o)
                              ./MCAL/UART/UART.o (__udivmodsi4)
e:/sdk_win_64/sdk_win_64/winavr/bin/../lib/gcc/avr/4.3.3/avr5\libgcc.a(_exit.o)
                              e:/sdk_win_64/sdk_win_64/winavr/bin/../lib/gcc/avr/4.3.3/../../../../avr/lib/avr5/crtm32.o (exit)
e:/sdk_win_64/sdk_win_64/winavr/bin/../lib/gcc/avr/4.3.3/avr5\libgcc.a(_copy_data.o)
                              ./MCAL/UART/UART.o (__do_copy_data)
e:/sdk_win_64/sdk_win_64/winavr/bin/../lib/gcc/avr/4.3.3/avr5\libgcc.a(_clear_bss.o)
                              ./MCAL/UART/UART.o (__do_clear_bss)

Memory Configuration

Name             Origin             Length             Attributes
text             0x00000000         0x00020000         xr
data             0x00800060         0x0000ffa0         rw !x
eeprom           0x00810000         0x00010000         rw !x
fuse             0x00820000         0x00000400         rw !x
lock             0x00830000         0x00000400         rw !x
signature        0x00840000         0x00000400         rw !x
*default*        0x00000000         0xffffffff

Linker script and memory map

LOAD e:/sdk_win_64/sdk_win_64/winavr/bin/../lib/gcc/avr/4.3.3/../../../../avr/lib/avr5/crtm32.o
LOAD ./MCAL/UART/UART.o
LOAD ./MCAL/TIMER0/TIMER0.o
LOAD ./MCAL/I2C/I2C.o
LOAD ./MCAL/DIO/DIO.o
LOAD ./MCAL/DELAY/DELAY.o
LOAD ./ECUAL/LED/LED.o
LOAD ./ECUAL/BTN/Button.o
LOAD ./APP/main.o
LOAD e:/sdk_win_64/sdk_win_64/winavr/bin/../lib/gcc/avr/4.3.3/avr5\libgcc.a
LOAD e:/sdk_win_64/sdk_win_64/winavr/bin/../lib/gcc/avr/4.3.3/../../../../avr/lib/avr5\libc.a
LOAD e:/sdk_win_64/sdk_win_64/winavr/bin/../lib/gcc/avr/4.3.3/avr5\libgcc.a

.hash
 *(.hash)

.dynsym
 *(.dynsym)

.dynstr
 *(.dynstr)

.gnu.version
 *(.gnu.version)

.gnu.version_d
 *(.gnu.version_d)

.gnu.version_r
 *(.gnu.version_r)

.rel.init
 *(.rel.init)

.rela.init
 *(.rela.init)

.rel.text
 *(.rel.text)
 *(.rel.text.*)
 *(.rel.gnu.linkonce.t*)

.rela.text
 *(.rela.text)
 *(.rela.text.*)
 *(.rela.gnu.linkonce.t*)

.rel.fini
 *(.rel.fini)

.rela.fini
 *(.rela.fini)

.rel.rodata
 *(.rel.rodata)
 *(.rel.rodata.*)
 *(.rel.gnu.linkonce.r*)

.rela.rodata
 *(.rela.rodata)
 *(.rela.rodata.*)
 *(.rela.gnu.linkonce.r*)

.rel.data
 *(.rel.data)
 *(.rel.data.*)
 *(.rel.gnu.linkonce.d*)

.rela.data
 *(.rela.data)
 *(.rela.data.*)
 *(.rela.gnu.linkonce.d*)

.rel.ctors
 *(.rel.ctors)

.rela.ctors
 *(.rela.ctors)

.rel.dtors
 *(.rel.dtors)

.rela.dtors
 *(.rela.dtors)

.rel.got
 *(.rel.got)

.rela.got
 *(.rela.got)

.rel.bss
 *(.rel.bss)

.rela.bss
 *(.rela.bss)

.rel.plt
 *(.rel.plt)

.rela.plt
 *(.rela.plt)

.text           0x00000000     0x2296
 *(.vectors)
 .vectors       0x00000000       0x54 e:/sdk_win_64/sdk_win_64/winavr/bin/../lib/gcc/avr/4.3.3/../../../../avr/lib/avr5/crtm32.o
                0x00000000                __vectors
                0x00000000                __vector_default
 *(.vectors)
 *(.progmem.gcc*)
 *(.progmem*)
                0x00000054                . = ALIGN (0x2)
                0x00000054                __trampolines_start = .
 *(.trampolines)
 .trampolines   0x00000054        0x0 linker stubs
 *(.trampolines*)
                0x00000054                __trampolines_end = .
 *(.jumptables)
 *(.jumptables*)
 *(.lowtext)
 *(.lowtext*)
                0x00000054                __ctors_start = .
 *(.ctors)
                0x00000054                __ctors_end = .
                0x00000054                __dtors_start = .
 *(.dtors)
                0x00000054                __dtors_end = .
 SORT(*)(.ctors)
 SORT(*)(.dtors)
 *(.init0)
 .init0         0x00000054        0x0 e:/sdk_win_64/sdk_win_64/winavr/bin/../lib/gcc/avr/4.3.3/../../../../avr/lib/avr5/crtm32.o
                0x00000054                __init
 *(.init0)
 *(.init1)
 *(.init1)
 *(.init2)
 .init2         0x00000054        0xc e:/sdk_win_64/sdk_win_64/winavr/bin/../lib/gcc/avr/4.3.3/../../../../avr/lib/avr5/crtm32.o
 *(.init2)
 *(.init3)
 *(.init3)
 *(.init4)
 .init4         0x00000060       0x16 e:/sdk_win_64/sdk_win_64/winavr/bin/../lib/gcc/avr/4.3.3/avr5\libgcc.a(_copy_data.o)
                0x00000060                __do_copy_data
 .init4         0x00000076       0x10 e:/sdk_win_64/sdk_win_64/winavr/bin/../lib/gcc/avr/4.3.3/avr5\libgcc.a(_clear_bss.o)
                0x00000076                __do_clear_bss
 *(.init4)
 *(.init5)
 *(.init5)
 *(.init6)
 *(.init6)
 *(.init7)
 *(.init7)
 *(.init8)
 *(.init8)
 *(.init9)
 .init9         0x00000086        0x8 e:/sdk_win_64/sdk_win_64/winavr/bin/../lib/gcc/avr/4.3.3/../../../../avr/lib/avr5/crtm32.o
 *(.init9)
 *(.text)
 .text          0x0000008e        0x4 e:/sdk_win_64/sdk_win_64/winavr/bin/../lib/gcc/avr/4.3.3/../../../../avr/lib/avr5/crtm32.o
                0x0000008e                __vector_1
                0x0000008e                __vector_12
                0x0000008e                __bad_interrupt
                0x0000008e                __vector_6
                0x0000008e                __vector_3
                0x0000008e                __vector_17
                0x0000008e                __vector_7
                0x0000008e                __vector_5
                0x0000008e                __vector_4
                0x0000008e                __vector_9
                0x0000008e                __vector_2
                0x0000008e                __vector_15
                0x0000008e                __vector_8
                0x0000008e                __vector_16
                0x0000008e                __vector_18
                0x0000008e                __vector_20
 .text          0x00000092        0x0 ./MCAL/UART/UART.o
 .text          0x00000092        0x0 ./MCAL/TIMER0/TIMER0.o
 .text          0x00000092        0x0 ./MCAL/I2C/I2C.o
 .text          0x00000092        0x0 ./MCAL/DIO/DIO.o
 .text          0x00000092        0x0 ./MCAL/DELAY/DELAY.o
 .text          0x00000092        0x0 ./ECUAL/LED/LED.o
 .text          0x00000092        0x0 ./ECUAL/BTN/Button.o
 .text          0x00000092        0x0 ./APP/main.o
 .text          0x00000092        0x0 e:/sdk_win_64/sdk_win_64/winavr/bin/../lib/gcc/avr/4.3.3/avr5\libgcc.a(_mulsi3.o)
 .text          0x00000092        0x0 e:/sdk_win_64/sdk_win_64/winavr/bin/../lib/gcc/avr/4.3.3/avr5\libgcc.a(_udivmodsi4.o)
 .text          0x00000092        0x0 e:/sdk_win_64/sdk_win_64/winavr/bin/../lib/gcc/avr/4.3.3/avr5\libgcc.a(_exit.o)
 .text          0x00000092        0x0 e:/sdk_win_64/sdk_win_64/winavr/bin/../lib/gcc/avr/4.3.3/avr5\libgcc.a(_copy_data.o)
 .text          0x00000092        0x0 e:/sdk_win_64/sdk_win_64/winavr/bin/../lib/gcc/avr/4.3.3/avr5\libgcc.a(_clear_bss.o)
                0x00000092                . = ALIGN (0x2)
 *(.text.*)
 .text.UART_u8Init
                0x00000092      0x136 ./MCAL/UART/UART.o
                0x00000092                UART_u8Init
 .text.UART_u8SendByte
                0x000001c8       0x46 ./MCAL/UART/UART.o
                0x000001c8                UART_u8SendByte
 .text.UART_u8SendInt
                0x0000020e      0x1ce ./MCAL/UART/UART.o
                0x0000020e                UART_u8SendInt
 .text.UART_u8SendString
                0x000003dc       0x72 ./MCAL/UART/UART.o
                0x000003dc                UART_u8SendString
 .text.UART_u8ReceiveByte
                0x0000044e       0x54 ./MCAL/UART/UART.o
                0x0000044e                UART_u8ReceiveByte
 .text.UART_u8ReceiveInt
                0x000004a2      0x13e ./MCAL/UART/UART.o
                0x000004a2                UART_u8ReceiveInt
 .text.UART_u8RecieveString
                0x000005e0       0x74 ./MCAL/UART/UART.o
                0x000005e0                UART_u8RecieveString
 .text.UART_u8ReceiveCountedString
                0x00000654       0x82 ./MCAL/UART/UART.o
                0x00000654                UART_u8ReceiveCountedString
 .text.UART_u8EnableRecievingInterrupt
                0x000006d6       0x66 ./MCAL/UART/UART.o
                0x000006d6                UART_u8EnableRecievingInterrupt
 .text.UART_u8EnableSendingInterrupt
                0x0000073c       0x66 ./MCAL/UART/UART.o
                0x0000073c                UART_u8EnableSendingInterrupt
 .text.UART_u8DisableReceivingInterrupt
                0x000007a2       0x24 ./MCAL/UART/UART.o
                0x000007a2                UART_u8DisableReceivingInterrupt
 .text.UART_u8DisableTransmittionInterrupt
                0x000007c6       0x24 ./MCAL/UART/UART.o
                0x000007c6                UART_u8DisableTransmittionInterrupt
 .text.UART_u8Deinit
                0x000007ea       0x5c ./MCAL/UART/UART.o
                0x000007ea                UART_u8Deinit
 .text.__vector_13
                0x00000846       0x74 ./MCAL/UART/UART.o
                0x00000846                __vector_13
 .text.__vector_14
                0x000008ba       0x66 ./MCAL/UART/UART.o
                0x000008ba                __vector_14
 .text.TIM0_u8Init
                0x00000920      0x1ce ./MCAL/TIMER0/TIMER0.o
                0x00000920                TIM0_u8Init
 .text.TIM0_u8SetStart
                0x00000aee       0x24 ./MCAL/TIMER0/TIMER0.o
                0x00000aee                TIM0_u8SetStart
 .text.TIM0_u8GetCounts
                0x00000b12       0x3c ./MCAL/TIMER0/TIMER0.o
                0x00000b12                TIM0_u8GetCounts
 .text.TIM0_u8SetCompareValue
                0x00000b4e       0x24 ./MCAL/TIMER0/TIMER0.o
                0x00000b4e                TIM0_u8SetCompareValue
 .text.TIM0_u8EnableOVFInterrupt
                0x00000b72       0x58 ./MCAL/TIMER0/TIMER0.o
                0x00000b72                TIM0_u8EnableOVFInterrupt
 .text.TIM0_u8EnableOCInterrupt
                0x00000bca       0x58 ./MCAL/TIMER0/TIMER0.o
                0x00000bca                TIM0_u8EnableOCInterrupt
 .text.TIM0_u8TimerStart
                0x00000c22      0x210 ./MCAL/TIMER0/TIMER0.o
                0x00000c22                TIM0_u8TimerStart
 .text.TIM0_u8TimerStop
                0x00000e32       0x54 ./MCAL/TIMER0/TIMER0.o
                0x00000e32                TIM0_u8TimerStop
 .text.TIM0_u8DisableOVFInterrupt
                0x00000e86       0x2e ./MCAL/TIMER0/TIMER0.o
                0x00000e86                TIM0_u8DisableOVFInterrupt
 .text.TIM0_u8DisableOCInterrupt
                0x00000eb4       0x2e ./MCAL/TIMER0/TIMER0.o
                0x00000eb4                TIM0_u8DisableOCInterrupt
 .text.__vector_10
                0x00000ee2       0x66 ./MCAL/TIMER0/TIMER0.o
                0x00000ee2                __vector_10
 .text.__vector_11
                0x00000f48       0x66 ./MCAL/TIMER0/TIMER0.o
                0x00000f48                __vector_11
 .text.TIM0_u8Deinit
                0x00000fae       0x38 ./MCAL/TIMER0/TIMER0.o
                0x00000fae                TIM0_u8Deinit
 .text.I2C_u8Init
                0x00000fe6       0x60 ./MCAL/I2C/I2C.o
                0x00000fe6                I2C_u8Init
 .text.I2C_u8GetStatus
                0x00001046       0x16 ./MCAL/I2C/I2C.o
                0x00001046                I2C_u8GetStatus
 .text.I2C_u8MasterSendSLA
                0x0000105c       0x62 ./MCAL/I2C/I2C.o
                0x0000105c                I2C_u8MasterSendSLA
 .text.I2C_u8MasterSendByte
                0x000010be       0x3e ./MCAL/I2C/I2C.o
                0x000010be                I2C_u8MasterSendByte
 .text.I2C_u8MasterSendStart
                0x000010fc       0x3e ./MCAL/I2C/I2C.o
                0x000010fc                I2C_u8MasterSendStart
 .text.I2C_u8SendRepeatedStart
                0x0000113a       0x48 ./MCAL/I2C/I2C.o
                0x0000113a                I2C_u8SendRepeatedStart
 .text.I2C_u8MasterReceiveWithACK
                0x00001182       0x80 ./MCAL/I2C/I2C.o
                0x00001182                I2C_u8MasterReceiveWithACK
 .text.I2C_u8MasterReceiveWithNAK
                0x00001202       0x80 ./MCAL/I2C/I2C.o
                0x00001202                I2C_u8MasterReceiveWithNAK
 .text.I2C_u8Stop
                0x00001282       0x44 ./MCAL/I2C/I2C.o
                0x00001282                I2C_u8Stop
 .text.I2C_u8SlaveGetByte
                0x000012c6       0x68 ./MCAL/I2C/I2C.o
                0x000012c6                I2C_u8SlaveGetByte
 .text.__vector_19
                0x0000132e       0x38 ./MCAL/I2C/I2C.o
                0x0000132e                __vector_19
 .text.DIO_u8SetPinDirection
                0x00001366      0x498 ./MCAL/DIO/DIO.o
                0x00001366                DIO_u8SetPinDirection
 .text.DIO_u8SetPinData
                0x000017fe      0x258 ./MCAL/DIO/DIO.o
                0x000017fe                DIO_u8SetPinData
 .text.DIO_u8GetPinData
                0x00001a56      0x140 ./MCAL/DIO/DIO.o
                0x00001a56                DIO_u8GetPinData
 .text.DIO_u8SetPortDirection
                0x00001b96      0x220 ./MCAL/DIO/DIO.o
                0x00001b96                DIO_u8SetPortDirection
 .text.DIO_u8SetPortData
                0x00001db6       0x92 ./MCAL/DIO/DIO.o
                0x00001db6                DIO_u8SetPortData
 .text.DIO_u8GetPortData
                0x00001e48       0xb6 ./MCAL/DIO/DIO.o
                0x00001e48                DIO_u8GetPortData
 .text.DIO_u8TogglePinData
                0x00001efe      0x118 ./MCAL/DIO/DIO.o
                0x00001efe                DIO_u8TogglePinData
 .text.DELAY_ms
                0x00002016       0x94 ./MCAL/DELAY/DELAY.o
                0x00002016                DELAY_ms
 .text.DELAY_vMsCallBackFun
                0x000020aa       0x20 ./MCAL/DELAY/DELAY.o
                0x000020aa                DELAY_vMsCallBackFun
 .text.LED_u8Init
                0x000020ca       0x24 ./ECUAL/LED/LED.o
                0x000020ca                LED_u8Init
 .text.LED_u8On
                0x000020ee       0x24 ./ECUAL/LED/LED.o
                0x000020ee                LED_u8On
 .text.LED_u8Off
                0x00002112       0x24 ./ECUAL/LED/LED.o
                0x00002112                LED_u8Off
 .text.LED_u8Toggle
                0x00002136       0x22 ./ECUAL/LED/LED.o
                0x00002136                LED_u8Toggle
 .text.BTN_u8Init
                0x00002158       0x30 ./ECUAL/BTN/Button.o
                0x00002158                BTN_u8Init
 .text.BTN_u8IsPressed
                0x00002188       0x5e ./ECUAL/BTN/Button.o
                0x00002188                BTN_u8IsPressed
 .text.main     0x000021e6       0x2a ./APP/main.o
                0x000021e6                main
 .text.libgcc   0x00002210       0x3e e:/sdk_win_64/sdk_win_64/winavr/bin/../lib/gcc/avr/4.3.3/avr5\libgcc.a(_mulsi3.o)
                0x00002210                __mulsi3
 .text.libgcc   0x0000224e       0x44 e:/sdk_win_64/sdk_win_64/winavr/bin/../lib/gcc/avr/4.3.3/avr5\libgcc.a(_udivmodsi4.o)
                0x0000224e                __udivmodsi4
 .text.libgcc   0x00002292        0x0 e:/sdk_win_64/sdk_win_64/winavr/bin/../lib/gcc/avr/4.3.3/avr5\libgcc.a(_exit.o)
 .text.libgcc   0x00002292        0x0 e:/sdk_win_64/sdk_win_64/winavr/bin/../lib/gcc/avr/4.3.3/avr5\libgcc.a(_copy_data.o)
 .text.libgcc   0x00002292        0x0 e:/sdk_win_64/sdk_win_64/winavr/bin/../lib/gcc/avr/4.3.3/avr5\libgcc.a(_clear_bss.o)
                0x00002292                . = ALIGN (0x2)
 *(.fini9)
 .fini9         0x00002292        0x0 e:/sdk_win_64/sdk_win_64/winavr/bin/../lib/gcc/avr/4.3.3/avr5\libgcc.a(_exit.o)
                0x00002292                exit
                0x00002292                _exit
 *(.fini9)
 *(.fini8)
 *(.fini8)
 *(.fini7)
 *(.fini7)
 *(.fini6)
 *(.fini6)
 *(.fini5)
 *(.fini5)
 *(.fini4)
 *(.fini4)
 *(.fini3)
 *(.fini3)
 *(.fini2)
 *(.fini2)
 *(.fini1)
 *(.fini1)
 *(.fini0)
 .fini0         0x00002292        0x4 e:/sdk_win_64/sdk_win_64/winavr/bin/../lib/gcc/avr/4.3.3/avr5\libgcc.a(_exit.o)
 *(.fini0)
                0x00002296                _etext = .

.data           0x00800060        0x6 load address 0x00002296
                0x00800060                PROVIDE (__data_start, .)
 *(.data)
 .data          0x00800060        0x0 e:/sdk_win_64/sdk_win_64/winavr/bin/../lib/gcc/avr/4.3.3/../../../../avr/lib/avr5/crtm32.o
 .data          0x00800060        0x0 ./MCAL/UART/UART.o
 .data          0x00800060        0x0 ./MCAL/TIMER0/TIMER0.o
 .data          0x00800060        0x0 ./MCAL/I2C/I2C.o
 .data          0x00800060        0x0 ./MCAL/DIO/DIO.o
 .data          0x00800060        0x0 ./MCAL/DELAY/DELAY.o
 .data          0x00800060        0x0 ./ECUAL/LED/LED.o
 .data          0x00800060        0x0 ./ECUAL/BTN/Button.o
 .data          0x00800060        0x0 ./APP/main.o
 .data          0x00800060        0x0 e:/sdk_win_64/sdk_win_64/winavr/bin/../lib/gcc/avr/4.3.3/avr5\libgcc.a(_mulsi3.o)
 .data          0x00800060        0x0 e:/sdk_win_64/sdk_win_64/winavr/bin/../lib/gcc/avr/4.3.3/avr5\libgcc.a(_udivmodsi4.o)
 .data          0x00800060        0x0 e:/sdk_win_64/sdk_win_64/winavr/bin/../lib/gcc/avr/4.3.3/avr5\libgcc.a(_exit.o)
 .data          0x00800060        0x0 e:/sdk_win_64/sdk_win_64/winavr/bin/../lib/gcc/avr/4.3.3/avr5\libgcc.a(_copy_data.o)
 .data          0x00800060        0x0 e:/sdk_win_64/sdk_win_64/winavr/bin/../lib/gcc/avr/4.3.3/avr5\libgcc.a(_clear_bss.o)
 *(.data*)
 .data.LED1     0x00800060        0x2 ./MCAL/UART/UART.o
                0x00800060                LED1
 .data.LEDTEST2
                0x00800062        0x2 ./MCAL/I2C/I2C.o
                0x00800062                LEDTEST2
 .data.gu8_I2CState
                0x00800064        0x1 ./MCAL/I2C/I2C.o
 *(.rodata)
 *(.rodata*)
 *(.gnu.linkonce.d*)
                0x00800066                . = ALIGN (0x2)
 *fill*         0x00800065        0x1 00
                0x00800066                _edata = .
                0x00800066                PROVIDE (__data_end, .)

.bss            0x00800066        0xf
                0x00800066                PROVIDE (__bss_start, .)
 *(.bss)
 .bss           0x00800066        0x0 e:/sdk_win_64/sdk_win_64/winavr/bin/../lib/gcc/avr/4.3.3/../../../../avr/lib/avr5/crtm32.o
 .bss           0x00800066        0x0 ./MCAL/UART/UART.o
 .bss           0x00800066        0x0 ./MCAL/TIMER0/TIMER0.o
 .bss           0x00800066        0x0 ./MCAL/I2C/I2C.o
 .bss           0x00800066        0x0 ./MCAL/DIO/DIO.o
 .bss           0x00800066        0x0 ./MCAL/DELAY/DELAY.o
 .bss           0x00800066        0x0 ./ECUAL/LED/LED.o
 .bss           0x00800066        0x0 ./ECUAL/BTN/Button.o
 .bss           0x00800066        0x0 ./APP/main.o
 .bss           0x00800066        0x0 e:/sdk_win_64/sdk_win_64/winavr/bin/../lib/gcc/avr/4.3.3/avr5\libgcc.a(_mulsi3.o)
 .bss           0x00800066        0x0 e:/sdk_win_64/sdk_win_64/winavr/bin/../lib/gcc/avr/4.3.3/avr5\libgcc.a(_udivmodsi4.o)
 .bss           0x00800066        0x0 e:/sdk_win_64/sdk_win_64/winavr/bin/../lib/gcc/avr/4.3.3/avr5\libgcc.a(_exit.o)
 .bss           0x00800066        0x0 e:/sdk_win_64/sdk_win_64/winavr/bin/../lib/gcc/avr/4.3.3/avr5\libgcc.a(_copy_data.o)
 .bss           0x00800066        0x0 e:/sdk_win_64/sdk_win_64/winavr/bin/../lib/gcc/avr/4.3.3/avr5\libgcc.a(_clear_bss.o)
 *(.bss*)
 .bss.gu8_IntializationFlag
                0x00800066        0x1 ./MCAL/UART/UART.o
 .bss.gpf_RecieveCallBack
                0x00800067        0x2 ./MCAL/UART/UART.o
 .bss.gpf_TransmitCallBack
                0x00800069        0x2 ./MCAL/UART/UART.o
 .bss.gst_TIM0Config
                0x0080006b        0x2 ./MCAL/TIMER0/TIMER0.o
 .bss.gv_OVFCallBackFun
                0x0080006d        0x2 ./MCAL/TIMER0/TIMER0.o
                0x0080006d                gv_OVFCallBackFun
 .bss.gv_OC0CallBackFun
                0x0080006f        0x2 ./MCAL/TIMER0/TIMER0.o
                0x0080006f                gv_OC0CallBackFun
 .bss.LEDTEST1  0x00800071        0x2 ./MCAL/I2C/I2C.o
                0x00800071                LEDTEST1
 .bss.msDelayCounter
                0x00800073        0x2 ./MCAL/DELAY/DELAY.o
 *(COMMON)
                0x00800075                PROVIDE (__bss_end, .)
                0x00002296                __data_load_start = LOADADDR (.data)
                0x0000229c                __data_load_end = (__data_load_start + SIZEOF (.data))

.noinit         0x00800075        0x0
                0x00800075                PROVIDE (__noinit_start, .)
 *(.noinit*)
                0x00800075                PROVIDE (__noinit_end, .)
                0x00800075                _end = .
                0x00800075                PROVIDE (__heap_start, .)

.eeprom         0x00810000        0x0
 *(.eeprom*)
                0x00810000                __eeprom_end = .

.fuse
 *(.fuse)
 *(.lfuse)
 *(.hfuse)
 *(.efuse)

.lock
 *(.lock*)

.signature
 *(.signature*)

.stab           0x00000000     0x3a14
 *(.stab)
 .stab          0x00000000      0xe1c ./MCAL/UART/UART.o
 .stab          0x00000e1c      0xabc ./MCAL/TIMER0/TIMER0.o
                                0xac8 (size before relaxing)
 .stab          0x000018d8      0x888 ./MCAL/I2C/I2C.o
                                0x894 (size before relaxing)
 .stab          0x00002160      0xb10 ./MCAL/DIO/DIO.o
                                0xb1c (size before relaxing)
 .stab          0x00002c70      0x36c ./MCAL/DELAY/DELAY.o
                                0x378 (size before relaxing)
 .stab          0x00002fdc      0x300 ./ECUAL/LED/LED.o
                                0x30c (size before relaxing)
 .stab          0x000032dc      0x3fc ./ECUAL/BTN/Button.o
                                0x408 (size before relaxing)
 .stab          0x000036d8      0x33c ./APP/main.o
                                0x348 (size before relaxing)

.stabstr        0x00000000     0x22ea
 *(.stabstr)
 .stabstr       0x00000000     0x22ea ./MCAL/UART/UART.o

.stab.excl
 *(.stab.excl)

.stab.exclstr
 *(.stab.exclstr)

.stab.index
 *(.stab.index)

.stab.indexstr
 *(.stab.indexstr)

.comment
 *(.comment)

.debug
 *(.debug)

.line
 *(.line)

.debug_srcinfo
 *(.debug_srcinfo)

.debug_sfnames
 *(.debug_sfnames)

.debug_aranges
 *(.debug_aranges)

.debug_pubnames
 *(.debug_pubnames)

.debug_info
 *(.debug_info)
 *(.gnu.linkonce.wi.*)

.debug_abbrev
 *(.debug_abbrev)

.debug_line
 *(.debug_line)

.debug_frame
 *(.debug_frame)

.debug_str
 *(.debug_str)

.debug_loc
 *(.debug_loc)

.debug_macinfo
 *(.debug_macinfo)
OUTPUT(I2C_TEST_SLAVE.elf elf32-avr)
LOAD linker stubs
