08:07:01 **** Incremental Build of configuration Debug for project EEPROM_TEST ****
make all 
Building file: ../APP/main.c
Invoking: AVR Compiler
avr-gcc -Wall -g2 -gstabs -O0 -fpack-struct -fshort-enums -ffunction-sections -fdata-sections -std=gnu99 -funsigned-char -funsigned-bitfields -mmcu=atmega32 -DF_CPU=8000000UL -MMD -MP -MF"APP/main.d" -MT"APP/main.o" -c -o "APP/main.o" "../APP/main.c"
In file included from ../APP/../ECUAL/EEPROM/EEPROM_interface.h:16,
                 from ../APP/main.c:12:
../APP/../ECUAL/EEPROM/../../MCAL/DELAY/TIMER0.h:15:1: warning: "F_CPU" redefined
<command-line>: warning: this is the location of the previous definition
../APP/main.c: In function 'main':
../APP/main.c:32: warning: pointer targets in passing argument 1 of 'UART_u8SendString' differ in signedness
../APP/main.c:37: warning: pointer targets in passing argument 1 of 'UART_u8SendString' differ in signedness
../APP/main.c:39: warning: implicit declaration of function 'STR_BinToInt'
../APP/main.c:41: warning: pointer targets in passing argument 1 of 'UART_u8SendString' differ in signedness
../APP/main.c:44: warning: pointer targets in passing argument 1 of 'UART_u8SendString' differ in signedness
../APP/main.c:46: warning: pointer targets in passing argument 1 of 'UART_u8SendString' differ in signedness
../APP/main.c:52: warning: pointer targets in passing argument 1 of 'UART_u8SendString' differ in signedness
../APP/main.c:56: warning: pointer targets in passing argument 1 of 'UART_u8SendString' differ in signedness
../APP/main.c:60: warning: pointer targets in passing argument 1 of 'UART_u8SendString' differ in signedness
../APP/main.c:65: warning: pointer targets in passing argument 1 of 'UART_u8SendString' differ in signedness
Finished building: ../APP/main.c
 
Building target: EEPROM_TEST.elf
Invoking: AVR C Linker
avr-gcc -Wl,-Map,EEPROM_TEST.map -mmcu=atmega32 -o "EEPROM_TEST.elf"  ./Service/Strings/STR.o  ./MCAL/UART/UART.o  ./MCAL/SPI/SPI.o  ./MCAL/I2C/I2C.o  ./MCAL/DIO/DIO.o  ./MCAL/DELAY/TIMER0.o  ./ECUAL/LED/LED.o  ./ECUAL/EEPROM/EEPROM.o  ./APP/main.o   
Finished building target: EEPROM_TEST.elf
 
Invoking: AVR Create Extended Listing
avr-objdump -h -S EEPROM_TEST.elf  >"EEPROM_TEST.lss"
Finished building: EEPROM_TEST.lss
 
Create Flash image (ihex format)
avr-objcopy -R .eeprom -R .fuse -R .lock -R .signature -O ihex EEPROM_TEST.elf  "EEPROM_TEST.hex"
Finished building: EEPROM_TEST.hex
 
Create eeprom image (ihex format)
avr-objcopy -j .eeprom --no-change-warnings --change-section-lma .eeprom=0 -O ihex EEPROM_TEST.elf  "EEPROM_TEST.eep"
Finished building: EEPROM_TEST.eep
 
Invoking: Print Size
avr-size --format=berkeley -t EEPROM_TEST.elf
   text	   data	    bss	    dec	    hex	filename
   9934	    144	     16	  10094	   276e	EEPROM_TEST.elf
   9934	    144	     16	  10094	   276e	(TOTALS)
Finished building: sizedummy
 

08:07:02 Build Finished (took 1s.31ms)

