05:53:35 **** Incremental Build of configuration Debug for project I2C_T ****
make all 
Building file: ../APP/main.c
Invoking: AVR Compiler
avr-gcc -Wall -g2 -gstabs -O0 -fpack-struct -fshort-enums -ffunction-sections -fdata-sections -std=gnu99 -funsigned-char -funsigned-bitfields -mmcu=atmega32 -DF_CPU=8000000UL -MMD -MP -MF"APP/main.d" -MT"APP/main.o" -c -o "APP/main.o" "../APP/main.c"
Finished building: ../APP/main.c
 
Building target: I2C_T.elf
Invoking: AVR C Linker
avr-gcc -Wl,-Map,I2C_T.map -mmcu=atmega32 -o "I2C_T.elf"  ./MCAL/UART/UART.o  ./MCAL/SPI/SPI.o  ./MCAL/I2C/I2C.o  ./MCAL/DIO/DIO.o  ./ECUAL/LED/LED.o  ./APP/main.o   
Finished building target: I2C_T.elf
 
Invoking: AVR Create Extended Listing
avr-objdump -h -S I2C_T.elf  >"I2C_T.lss"
Finished building: I2C_T.lss
 
Create Flash image (ihex format)
avr-objcopy -R .eeprom -R .fuse -R .lock -R .signature -O ihex I2C_T.elf  "I2C_T.hex"
Finished building: I2C_T.hex
 
Create eeprom image (ihex format)
avr-objcopy -j .eeprom --no-change-warnings --change-section-lma .eeprom=0 -O ihex I2C_T.elf  "I2C_T.eep"
Finished building: I2C_T.eep
 
Invoking: Print Size
avr-size --format=berkeley -t I2C_T.elf
   text	   data	    bss	    dec	    hex	filename
   6998	      6	     10	   7014	   1b66	I2C_T.elf
   6998	      6	     10	   7014	   1b66	(TOTALS)
Finished building: sizedummy
 

05:53:36 Build Finished (took 968ms)

