09:06:26 **** Incremental Build of configuration Debug for project TIMER0_T ****
make all 
Building file: ../ECUAL/LED/LED.c
Invoking: AVR Compiler
avr-gcc -Wall -g2 -gstabs -O0 -fpack-struct -fshort-enums -ffunction-sections -fdata-sections -std=gnu99 -funsigned-char -funsigned-bitfields -mmcu=atmega32 -DF_CPU=8000000UL -MMD -MP -MF"ECUAL/LED/LED.d" -MT"ECUAL/LED/LED.o" -c -o "ECUAL/LED/LED.o" "../ECUAL/LED/LED.c"
Finished building: ../ECUAL/LED/LED.c
 
Building target: TIMER0_T.elf
Invoking: AVR C Linker
avr-gcc -Wl,-Map,TIMER0_T.map -mmcu=atmega32 -o "TIMER0_T.elf"  ./MCAL/TIMER0/TIMER0.o  ./MCAL/DIO/DIO.o  ./MCAL/DELAY/DELAY.o  ./ECUAL/LED/LED.o  ./ECUAL/BTN/Button.o  ./APP/main.o   
Finished building target: TIMER0_T.elf
 
Invoking: AVR Create Extended Listing
avr-objdump -h -S TIMER0_T.elf  >"TIMER0_T.lss"
Finished building: TIMER0_T.lss
 
Create Flash image (ihex format)
avr-objcopy -R .eeprom -R .fuse -R .lock -R .signature -O ihex TIMER0_T.elf  "TIMER0_T.hex"
Finished building: TIMER0_T.hex
 
Create eeprom image (ihex format)
avr-objcopy -j .eeprom --no-change-warnings --change-section-lma .eeprom=0 -O ihex TIMER0_T.elf  "TIMER0_T.eep"
Finished building: TIMER0_T.eep
 
Invoking: Print Size
avr-size --format=berkeley -t TIMER0_T.elf
   text	   data	    bss	    dec	    hex	filename
   5620	      0	      8	   5628	   15fc	TIMER0_T.elf
   5620	      0	      8	   5628	   15fc	(TOTALS)
Finished building: sizedummy
 

09:06:27 Build Finished (took 1s.660ms)

