Archive member included because of file (symbol)

e:/sdk_win_64/sdk_win_64/winavr/bin/../lib/gcc/avr/4.3.3/avr5\libgcc.a(_udivmodsi4.o)
                              ./MCAL/UART/UART.o (__udivmodsi4)
e:/sdk_win_64/sdk_win_64/winavr/bin/../lib/gcc/avr/4.3.3/avr5\libgcc.a(_exit.o)
                              e:/sdk_win_64/sdk_win_64/winavr/bin/../lib/gcc/avr/4.3.3/../../../../avr/lib/avr5/crtm32.o (exit)
e:/sdk_win_64/sdk_win_64/winavr/bin/../lib/gcc/avr/4.3.3/avr5\libgcc.a(_copy_data.o)
                              ./MCAL/SPI/SPI.o (__do_copy_data)
e:/sdk_win_64/sdk_win_64/winavr/bin/../lib/gcc/avr/4.3.3/avr5\libgcc.a(_clear_bss.o)
                              ./MCAL/UART/UART.o (__do_clear_bss)

Memory Configuration

Name             Origin             Length             Attributes
text             0x00000000         0x00020000         xr
data             0x00800060         0x0000ffa0         rw !x
eeprom           0x00810000         0x00010000         rw !x
fuse             0x00820000         0x00000400         rw !x
lock             0x00830000         0x00000400         rw !x
signature        0x00840000         0x00000400         rw !x
*default*        0x00000000         0xffffffff

Linker script and memory map

LOAD e:/sdk_win_64/sdk_win_64/winavr/bin/../lib/gcc/avr/4.3.3/../../../../avr/lib/avr5/crtm32.o
LOAD ./MCAL/UART/UART.o
LOAD ./MCAL/SPI/SPI.o
LOAD ./MCAL/I2C/I2C.o
LOAD ./MCAL/DIO/DIO.o
LOAD ./ECUAL/LED/LED.o
LOAD ./APP/main.o
LOAD e:/sdk_win_64/sdk_win_64/winavr/bin/../lib/gcc/avr/4.3.3/avr5\libgcc.a
LOAD e:/sdk_win_64/sdk_win_64/winavr/bin/../lib/gcc/avr/4.3.3/../../../../avr/lib/avr5\libc.a
LOAD e:/sdk_win_64/sdk_win_64/winavr/bin/../lib/gcc/avr/4.3.3/avr5\libgcc.a

.hash
 *(.hash)

.dynsym
 *(.dynsym)

.dynstr
 *(.dynstr)

.gnu.version
 *(.gnu.version)

.gnu.version_d
 *(.gnu.version_d)

.gnu.version_r
 *(.gnu.version_r)

.rel.init
 *(.rel.init)

.rela.init
 *(.rela.init)

.rel.text
 *(.rel.text)
 *(.rel.text.*)
 *(.rel.gnu.linkonce.t*)

.rela.text
 *(.rela.text)
 *(.rela.text.*)
 *(.rela.gnu.linkonce.t*)

.rel.fini
 *(.rel.fini)

.rela.fini
 *(.rela.fini)

.rel.rodata
 *(.rel.rodata)
 *(.rel.rodata.*)
 *(.rel.gnu.linkonce.r*)

.rela.rodata
 *(.rela.rodata)
 *(.rela.rodata.*)
 *(.rela.gnu.linkonce.r*)

.rel.data
 *(.rel.data)
 *(.rel.data.*)
 *(.rel.gnu.linkonce.d*)

.rela.data
 *(.rela.data)
 *(.rela.data.*)
 *(.rela.gnu.linkonce.d*)

.rel.ctors
 *(.rel.ctors)

.rela.ctors
 *(.rela.ctors)

.rel.dtors
 *(.rel.dtors)

.rela.dtors
 *(.rela.dtors)

.rel.got
 *(.rel.got)

.rela.got
 *(.rela.got)

.rel.bss
 *(.rel.bss)

.rela.bss
 *(.rela.bss)

.rel.plt
 *(.rel.plt)

.rela.plt
 *(.rela.plt)

.text           0x00000000     0x1b48
 *(.vectors)
 .vectors       0x00000000       0x54 e:/sdk_win_64/sdk_win_64/winavr/bin/../lib/gcc/avr/4.3.3/../../../../avr/lib/avr5/crtm32.o
                0x00000000                __vectors
                0x00000000                __vector_default
 *(.vectors)
 *(.progmem.gcc*)
 *(.progmem*)
                0x00000054                . = ALIGN (0x2)
                0x00000054                __trampolines_start = .
 *(.trampolines)
 .trampolines   0x00000054        0x0 linker stubs
 *(.trampolines*)
                0x00000054                __trampolines_end = .
 *(.jumptables)
 *(.jumptables*)
 *(.lowtext)
 *(.lowtext*)
                0x00000054                __ctors_start = .
 *(.ctors)
                0x00000054                __ctors_end = .
                0x00000054                __dtors_start = .
 *(.dtors)
                0x00000054                __dtors_end = .
 SORT(*)(.ctors)
 SORT(*)(.dtors)
 *(.init0)
 .init0         0x00000054        0x0 e:/sdk_win_64/sdk_win_64/winavr/bin/../lib/gcc/avr/4.3.3/../../../../avr/lib/avr5/crtm32.o
                0x00000054                __init
 *(.init0)
 *(.init1)
 *(.init1)
 *(.init2)
 .init2         0x00000054        0xc e:/sdk_win_64/sdk_win_64/winavr/bin/../lib/gcc/avr/4.3.3/../../../../avr/lib/avr5/crtm32.o
 *(.init2)
 *(.init3)
 *(.init3)
 *(.init4)
 .init4         0x00000060       0x16 e:/sdk_win_64/sdk_win_64/winavr/bin/../lib/gcc/avr/4.3.3/avr5\libgcc.a(_copy_data.o)
                0x00000060                __do_copy_data
 .init4         0x00000076       0x10 e:/sdk_win_64/sdk_win_64/winavr/bin/../lib/gcc/avr/4.3.3/avr5\libgcc.a(_clear_bss.o)
                0x00000076                __do_clear_bss
 *(.init4)
 *(.init5)
 *(.init5)
 *(.init6)
 *(.init6)
 *(.init7)
 *(.init7)
 *(.init8)
 *(.init8)
 *(.init9)
 .init9         0x00000086        0x8 e:/sdk_win_64/sdk_win_64/winavr/bin/../lib/gcc/avr/4.3.3/../../../../avr/lib/avr5/crtm32.o
 *(.init9)
 *(.text)
 .text          0x0000008e        0x4 e:/sdk_win_64/sdk_win_64/winavr/bin/../lib/gcc/avr/4.3.3/../../../../avr/lib/avr5/crtm32.o
                0x0000008e                __vector_1
                0x0000008e                __bad_interrupt
                0x0000008e                __vector_6
                0x0000008e                __vector_3
                0x0000008e                __vector_11
                0x0000008e                __vector_17
                0x0000008e                __vector_7
                0x0000008e                __vector_5
                0x0000008e                __vector_4
                0x0000008e                __vector_9
                0x0000008e                __vector_2
                0x0000008e                __vector_15
                0x0000008e                __vector_8
                0x0000008e                __vector_10
                0x0000008e                __vector_16
                0x0000008e                __vector_18
                0x0000008e                __vector_20
 .text          0x00000092        0x0 ./MCAL/UART/UART.o
 .text          0x00000092        0x0 ./MCAL/SPI/SPI.o
 .text          0x00000092        0x0 ./MCAL/I2C/I2C.o
 .text          0x00000092        0x0 ./MCAL/DIO/DIO.o
 .text          0x00000092        0x0 ./ECUAL/LED/LED.o
 .text          0x00000092        0x0 ./APP/main.o
 .text          0x00000092        0x0 e:/sdk_win_64/sdk_win_64/winavr/bin/../lib/gcc/avr/4.3.3/avr5\libgcc.a(_udivmodsi4.o)
 .text          0x00000092        0x0 e:/sdk_win_64/sdk_win_64/winavr/bin/../lib/gcc/avr/4.3.3/avr5\libgcc.a(_exit.o)
 .text          0x00000092        0x0 e:/sdk_win_64/sdk_win_64/winavr/bin/../lib/gcc/avr/4.3.3/avr5\libgcc.a(_copy_data.o)
 .text          0x00000092        0x0 e:/sdk_win_64/sdk_win_64/winavr/bin/../lib/gcc/avr/4.3.3/avr5\libgcc.a(_clear_bss.o)
                0x00000092                . = ALIGN (0x2)
 *(.text.*)
 .text.UART_u8Init
                0x00000092      0x12c ./MCAL/UART/UART.o
                0x00000092                UART_u8Init
 .text.UART_u8SendByte
                0x000001be       0x46 ./MCAL/UART/UART.o
                0x000001be                UART_u8SendByte
 .text.UART_u8SendString
                0x00000204       0x78 ./MCAL/UART/UART.o
                0x00000204                UART_u8SendString
 .text.UART_u8ReceiveByte
                0x0000027c       0x54 ./MCAL/UART/UART.o
                0x0000027c                UART_u8ReceiveByte
 .text.UART_u8RecieveString
                0x000002d0       0x6e ./MCAL/UART/UART.o
                0x000002d0                UART_u8RecieveString
 .text.UART_u8EnableRecievingInterrupt
                0x0000033e       0x66 ./MCAL/UART/UART.o
                0x0000033e                UART_u8EnableRecievingInterrupt
 .text.UART_u8EnableSendingInterrupt
                0x000003a4       0x66 ./MCAL/UART/UART.o
                0x000003a4                UART_u8EnableSendingInterrupt
 .text.UART_u8DisableReceivingInterrupt
                0x0000040a       0x24 ./MCAL/UART/UART.o
                0x0000040a                UART_u8DisableReceivingInterrupt
 .text.UART_u8DisableTransmittionInterrupt
                0x0000042e       0x24 ./MCAL/UART/UART.o
                0x0000042e                UART_u8DisableTransmittionInterrupt
 .text.UART_u8Deinit
                0x00000452       0x5c ./MCAL/UART/UART.o
                0x00000452                UART_u8Deinit
 .text.__vector_13
                0x000004ae       0x74 ./MCAL/UART/UART.o
                0x000004ae                __vector_13
 .text.__vector_14
                0x00000522       0x66 ./MCAL/UART/UART.o
                0x00000522                __vector_14
 .text.SPI_u8Init
                0x00000588      0x108 ./MCAL/SPI/SPI.o
                0x00000588                SPI_u8Init
 .text.SPI_u8SendByte
                0x00000690       0x56 ./MCAL/SPI/SPI.o
                0x00000690                SPI_u8SendByte
 .text.SPI_u8SendString
                0x000006e6       0x7c ./MCAL/SPI/SPI.o
                0x000006e6                SPI_u8SendString
 .text.SPI_u8ReceiveByte
                0x00000762       0x54 ./MCAL/SPI/SPI.o
                0x00000762                SPI_u8ReceiveByte
 .text.SPI_u8ReceiveString
                0x000007b6       0x82 ./MCAL/SPI/SPI.o
                0x000007b6                SPI_u8ReceiveString
 .text.SPI_u8EnableInterrupt
                0x00000838       0x66 ./MCAL/SPI/SPI.o
                0x00000838                SPI_u8EnableInterrupt
 .text.SPI_u8DisableInterrupt
                0x0000089e       0x24 ./MCAL/SPI/SPI.o
                0x0000089e                SPI_u8DisableInterrupt
 .text.SPI_u8Deinit
                0x000008c2       0x36 ./MCAL/SPI/SPI.o
                0x000008c2                SPI_u8Deinit
 .text.__vector_12
                0x000008f8       0x24 ./MCAL/SPI/SPI.o
                0x000008f8                __vector_12
 .text.I2C_u8Init
                0x0000091c       0x70 ./MCAL/I2C/I2C.o
                0x0000091c                I2C_u8Init
 .text.I2C_u8GetStatus
                0x0000098c       0x16 ./MCAL/I2C/I2C.o
                0x0000098c                I2C_u8GetStatus
 .text.I2C_u8MasterSendSLA
                0x000009a2       0x62 ./MCAL/I2C/I2C.o
                0x000009a2                I2C_u8MasterSendSLA
 .text.I2C_u8MasterSendByte
                0x00000a04       0x3e ./MCAL/I2C/I2C.o
                0x00000a04                I2C_u8MasterSendByte
 .text.I2C_u8MasterSendStart
                0x00000a42       0x3e ./MCAL/I2C/I2C.o
                0x00000a42                I2C_u8MasterSendStart
 .text.I2C_u8SendRepeatedStart
                0x00000a80       0x48 ./MCAL/I2C/I2C.o
                0x00000a80                I2C_u8SendRepeatedStart
 .text.I2C_u8MasterReceiveWithACK
                0x00000ac8       0x88 ./MCAL/I2C/I2C.o
                0x00000ac8                I2C_u8MasterReceiveWithACK
 .text.I2C_u8MasterReceiveWithNAK
                0x00000b50       0x80 ./MCAL/I2C/I2C.o
                0x00000b50                I2C_u8MasterReceiveWithNAK
 .text.I2C_u8Stop
                0x00000bd0       0x44 ./MCAL/I2C/I2C.o
                0x00000bd0                I2C_u8Stop
 .text.I2C_u8SlaveGetByte
                0x00000c14       0x68 ./MCAL/I2C/I2C.o
                0x00000c14                I2C_u8SlaveGetByte
 .text.__vector_19
                0x00000c7c       0x38 ./MCAL/I2C/I2C.o
                0x00000c7c                __vector_19
 .text.DIO_u8SetPinDirection
                0x00000cb4      0x494 ./MCAL/DIO/DIO.o
                0x00000cb4                DIO_u8SetPinDirection
 .text.DIO_u8SetPinData
                0x00001148      0x248 ./MCAL/DIO/DIO.o
                0x00001148                DIO_u8SetPinData
 .text.DIO_u8GetPinData
                0x00001390      0x12e ./MCAL/DIO/DIO.o
                0x00001390                DIO_u8GetPinData
 .text.DIO_u8SetPortDirection
                0x000014be      0x216 ./MCAL/DIO/DIO.o
                0x000014be                DIO_u8SetPortDirection
 .text.DIO_u8SetPortData
                0x000016d4       0xa0 ./MCAL/DIO/DIO.o
                0x000016d4                DIO_u8SetPortData
 .text.DIO_u8GetPortData
                0x00001774       0xb0 ./MCAL/DIO/DIO.o
                0x00001774                DIO_u8GetPortData
 .text.DIO_u8TogglePinData
                0x00001824      0x108 ./MCAL/DIO/DIO.o
                0x00001824                DIO_u8TogglePinData
 .text.DIO_u8Set4BitsValue
                0x0000192c       0xf0 ./MCAL/DIO/DIO.o
                0x0000192c                DIO_u8Set4BitsValue
 .text.LED_u8Init
                0x00001a1c       0x2c ./ECUAL/LED/LED.o
                0x00001a1c                LED_u8Init
 .text.LED_u8On
                0x00001a48       0x2c ./ECUAL/LED/LED.o
                0x00001a48                LED_u8On
 .text.LED_u8Off
                0x00001a74       0x2c ./ECUAL/LED/LED.o
                0x00001a74                LED_u8Off
 .text.LED_u8Toggle
                0x00001aa0       0x2a ./ECUAL/LED/LED.o
                0x00001aa0                LED_u8Toggle
 .text.main     0x00001aca       0x36 ./APP/main.o
                0x00001aca                main
 .text.libgcc   0x00001b00       0x44 e:/sdk_win_64/sdk_win_64/winavr/bin/../lib/gcc/avr/4.3.3/avr5\libgcc.a(_udivmodsi4.o)
                0x00001b00                __udivmodsi4
 .text.libgcc   0x00001b44        0x0 e:/sdk_win_64/sdk_win_64/winavr/bin/../lib/gcc/avr/4.3.3/avr5\libgcc.a(_exit.o)
 .text.libgcc   0x00001b44        0x0 e:/sdk_win_64/sdk_win_64/winavr/bin/../lib/gcc/avr/4.3.3/avr5\libgcc.a(_copy_data.o)
 .text.libgcc   0x00001b44        0x0 e:/sdk_win_64/sdk_win_64/winavr/bin/../lib/gcc/avr/4.3.3/avr5\libgcc.a(_clear_bss.o)
                0x00001b44                . = ALIGN (0x2)
 *(.fini9)
 .fini9         0x00001b44        0x0 e:/sdk_win_64/sdk_win_64/winavr/bin/../lib/gcc/avr/4.3.3/avr5\libgcc.a(_exit.o)
                0x00001b44                exit
                0x00001b44                _exit
 *(.fini9)
 *(.fini8)
 *(.fini8)
 *(.fini7)
 *(.fini7)
 *(.fini6)
 *(.fini6)
 *(.fini5)
 *(.fini5)
 *(.fini4)
 *(.fini4)
 *(.fini3)
 *(.fini3)
 *(.fini2)
 *(.fini2)
 *(.fini1)
 *(.fini1)
 *(.fini0)
 .fini0         0x00001b44        0x4 e:/sdk_win_64/sdk_win_64/winavr/bin/../lib/gcc/avr/4.3.3/avr5\libgcc.a(_exit.o)
 *(.fini0)
                0x00001b48                _etext = .

.data           0x00800060        0x6 load address 0x00001b48
                0x00800060                PROVIDE (__data_start, .)
 *(.data)
 .data          0x00800060        0x0 e:/sdk_win_64/sdk_win_64/winavr/bin/../lib/gcc/avr/4.3.3/../../../../avr/lib/avr5/crtm32.o
 .data          0x00800060        0x0 ./MCAL/UART/UART.o
 .data          0x00800060        0x0 ./MCAL/SPI/SPI.o
 .data          0x00800060        0x0 ./MCAL/I2C/I2C.o
 .data          0x00800060        0x0 ./MCAL/DIO/DIO.o
 .data          0x00800060        0x0 ./ECUAL/LED/LED.o
 .data          0x00800060        0x0 ./APP/main.o
 .data          0x00800060        0x0 e:/sdk_win_64/sdk_win_64/winavr/bin/../lib/gcc/avr/4.3.3/avr5\libgcc.a(_udivmodsi4.o)
 .data          0x00800060        0x0 e:/sdk_win_64/sdk_win_64/winavr/bin/../lib/gcc/avr/4.3.3/avr5\libgcc.a(_exit.o)
 .data          0x00800060        0x0 e:/sdk_win_64/sdk_win_64/winavr/bin/../lib/gcc/avr/4.3.3/avr5\libgcc.a(_copy_data.o)
 .data          0x00800060        0x0 e:/sdk_win_64/sdk_win_64/winavr/bin/../lib/gcc/avr/4.3.3/avr5\libgcc.a(_clear_bss.o)
 *(.data*)
 .data.LEDT     0x00800060        0x2 ./MCAL/SPI/SPI.o
                0x00800060                LEDT
 .data.LEDTEST2
                0x00800062        0x2 ./MCAL/I2C/I2C.o
                0x00800062                LEDTEST2
 .data.gu8_I2CState
                0x00800064        0x1 ./MCAL/I2C/I2C.o
 *(.rodata)
 *(.rodata*)
 *(.gnu.linkonce.d*)
                0x00800066                . = ALIGN (0x2)
 *fill*         0x00800065        0x1 00
                0x00800066                _edata = .
                0x00800066                PROVIDE (__data_end, .)

.bss            0x00800066        0xa
                0x00800066                PROVIDE (__bss_start, .)
 *(.bss)
 .bss           0x00800066        0x0 e:/sdk_win_64/sdk_win_64/winavr/bin/../lib/gcc/avr/4.3.3/../../../../avr/lib/avr5/crtm32.o
 .bss           0x00800066        0x0 ./MCAL/UART/UART.o
 .bss           0x00800066        0x0 ./MCAL/SPI/SPI.o
 .bss           0x00800066        0x0 ./MCAL/I2C/I2C.o
 .bss           0x00800066        0x0 ./MCAL/DIO/DIO.o
 .bss           0x00800066        0x0 ./ECUAL/LED/LED.o
 .bss           0x00800066        0x0 ./APP/main.o
 .bss           0x00800066        0x0 e:/sdk_win_64/sdk_win_64/winavr/bin/../lib/gcc/avr/4.3.3/avr5\libgcc.a(_udivmodsi4.o)
 .bss           0x00800066        0x0 e:/sdk_win_64/sdk_win_64/winavr/bin/../lib/gcc/avr/4.3.3/avr5\libgcc.a(_exit.o)
 .bss           0x00800066        0x0 e:/sdk_win_64/sdk_win_64/winavr/bin/../lib/gcc/avr/4.3.3/avr5\libgcc.a(_copy_data.o)
 .bss           0x00800066        0x0 e:/sdk_win_64/sdk_win_64/winavr/bin/../lib/gcc/avr/4.3.3/avr5\libgcc.a(_clear_bss.o)
 *(.bss*)
 .bss.gu8_IntializationFlag
                0x00800066        0x1 ./MCAL/UART/UART.o
 .bss.gpf_RecieveCallBack
                0x00800067        0x2 ./MCAL/UART/UART.o
 .bss.gpf_TransmitCallBack
                0x00800069        0x2 ./MCAL/UART/UART.o
 .bss.gu8_SPIState
                0x0080006b        0x1 ./MCAL/SPI/SPI.o
 .bss.gpf_SPICallBack
                0x0080006c        0x2 ./MCAL/SPI/SPI.o
 .bss.LEDTEST1  0x0080006e        0x2 ./MCAL/I2C/I2C.o
                0x0080006e                LEDTEST1
 *(COMMON)
                0x00800070                PROVIDE (__bss_end, .)
                0x00001b48                __data_load_start = LOADADDR (.data)
                0x00001b4e                __data_load_end = (__data_load_start + SIZEOF (.data))

.noinit         0x00800070        0x0
                0x00800070                PROVIDE (__noinit_start, .)
 *(.noinit*)
                0x00800070                PROVIDE (__noinit_end, .)
                0x00800070                _end = .
                0x00800070                PROVIDE (__heap_start, .)

.eeprom         0x00810000        0x0
 *(.eeprom*)
                0x00810000                __eeprom_end = .

.fuse
 *(.fuse)
 *(.lfuse)
 *(.hfuse)
 *(.efuse)

.lock
 *(.lock*)

.signature
 *(.signature*)

.stab           0x00000000     0x2bc8
 *(.stab)
 .stab          0x00000000      0x954 ./MCAL/UART/UART.o
 .stab          0x00000954      0x8b8 ./MCAL/SPI/SPI.o
                                0x8c4 (size before relaxing)
 .stab          0x0000120c      0x894 ./MCAL/I2C/I2C.o
                                0x8a0 (size before relaxing)
 .stab          0x00001aa0      0xbc4 ./MCAL/DIO/DIO.o
                                0xbd0 (size before relaxing)
 .stab          0x00002664      0x2e8 ./ECUAL/LED/LED.o
                                0x2f4 (size before relaxing)
 .stab          0x0000294c      0x27c ./APP/main.o
                                0x288 (size before relaxing)

.stabstr        0x00000000     0x1700
 *(.stabstr)
 .stabstr       0x00000000     0x1700 ./MCAL/UART/UART.o

.stab.excl
 *(.stab.excl)

.stab.exclstr
 *(.stab.exclstr)

.stab.index
 *(.stab.index)

.stab.indexstr
 *(.stab.indexstr)

.comment
 *(.comment)

.debug
 *(.debug)

.line
 *(.line)

.debug_srcinfo
 *(.debug_srcinfo)

.debug_sfnames
 *(.debug_sfnames)

.debug_aranges
 *(.debug_aranges)

.debug_pubnames
 *(.debug_pubnames)

.debug_info
 *(.debug_info)
 *(.gnu.linkonce.wi.*)

.debug_abbrev
 *(.debug_abbrev)

.debug_line
 *(.debug_line)

.debug_frame
 *(.debug_frame)

.debug_str
 *(.debug_str)

.debug_loc
 *(.debug_loc)

.debug_macinfo
 *(.debug_macinfo)
OUTPUT(I2C_TEST.elf elf32-avr)
LOAD linker stubs
